Resolving dependencies...
Downloading packages...
  code_assets 1.2.1 (2.0.0 available)
  google_fonts 6.3.3 (8.2.1 available)
  hooks 2.0.2 (2.2.0 available)
  matcher 0.12.19 (0.12.20 available)
  material_color_utilities 0.13.0 (0.13.1 available)
  meta 1.17.0 (1.19.0 available)
  record_use 0.6.0 (1.1.1 available)
  test_api 0.7.10 (0.7.13 available)
  vector_math 2.2.0 (2.4.2 available)
Got dependencies!
9 packages have newer versions incompatible with dependency constraints.
Try `flutter pub outdated` for more information.
Launching lib\main.dart on Web Server in debug mode...
Waiting for connection from debug service on Web Server...         28.2s
lib\main.dart is being served at http://localhost:8080
The web-server device requires the Dart Debug Chrome extension for debugging. Consider using the Chrome or Edge devices for an improved development workflow.

Flutter run key commands.
r Hot reload. 
R Hot restart.
h List all available interactive commands.
d Detach (terminate "flutter run" but leave application running).
c Clear the screen
q Quit (terminate the application on the device).

