{"logTime": "0818/114850", "correlationVector":"lCxLr2t7OAYo+Q5KP4r8Dm.1","action":"SyncServerConnectionManagerRequest", "result":"SYNC_SERVER_OK", "context":{"environment":"Prod_southindia_prod-s01-004-apac-southindia", "migrationStage":"NotStarted", "server":"akswtt107000014"}}
{"logTime": "0818/114850", "correlationVector":"lCxLr2t7OAYo+Q5KP4r8Dm.2","action":"ProcessGetUpdates", "result":"Done", "context":{"dataType":"Encryption Keys", "deleted":"0", "process_failed_to_decrypt":"0", "process_pending_decryption":"0", "process_success":"1", "total":"1"}}
{"logTime": "0818/114851", "correlationVector":"7K6+0iz+JHJMcRXAhH3bK/","action":"SyncServerConnectionManagerRequest", "result":"SYNC_SERVER_OK", "context":{"environment":"", "migrationStage":"", "server":""}}
{"logTime": "0818/114851", "correlationVector":"7K6+0iz+JHJMcRXAhH3bK/.0","action":"EncryptionKeysFetcher.DownloadKeys:", "result":"Success", "context":Key count: 5, Last key timestamp: 2026-05-31T03:15:00Z}
{"logTime": "0818/114851", "correlationVector":"7K6+0iz+JHJMcRXAhH3bK/.1","action":"EncryptionKeysManager::SetEncryptionKeys:", "result":"Success", "context":Key names[5]:[eGBIA7Zg9eQ7IIER0R7quzp2i+fuRQblsdOzxkhVdrpGzilIXIhrypQmbWVY+zpP5r2qYaKbmS+UuzBgPO5FcA==][FfyKHldgCW2dfaHDhed1cFbPmfQLch4floe5/sYr5MHY3Tmk1oUpCPATt/1rS1HIvOt/7fWobGHN0v4/wYhddg==][DqJ4dOHEFjgN0GfwO2/L9SdIeMtBZR7JR01RXSHiGr318jjn5UCQ+cYJW9JxUF2/YOALEMexbduUGFOixqB/+A==][7/P+je6FJPyhHOPQDPsNrFaoH4AXhCArRwFCsVk4pcWpxdXZ5TnwK+O6jiGBGdBm7nKLzHkqVDSkyn3xYCpmow==][5JZVM+7XkaVxpiukVvZCP+G3B1y2si3XKCvrXAq6/OLANIXQaXnvAArY9cOyjohSbnCgpBccvy2dw9xLFnyETQ==]}
{"logTime": "0818/114851", "correlationVector":"7K6+0iz+JHJMcRXAhH3bK/.2","action":"EncryptionKeysManager::SetEncryptionKeysWithTimestamps:", "result":"Success", "context":Key timestamps[5]:[2022-12-11T02:55:28Z][2023-06-10T14:47:18Z][2024-04-22T23:59:54Z][2025-12-01T17:14:42Z][2026-05-31T03:15:00Z]}
{"logTime": "0818/114851", "correlationVector":"lCxLr2t7OAYo+Q5KP4r8Dm","action":"Initial GetUpdates", "result":"", "context":Reason: NEW_CLIENT. cV=lCxLr2t7OAYo+Q5KP4r8Dm}
{"logTime": "0818/114851", "correlationVector":"lCxLr2t7OAYo+Q5KP4r8Dm.3","action":"GetUpdates Response", "result":"Success", "context":Received 1 update(s). cV=lCxLr2t7OAYo+Q5KP4r8Dm.0;server=akswtt107000014;cloudType=Consumer;environment=Prod_southindia_prod-s01-004-apac-southindia;migrationStage=NotStarted}
{"logTime": "0818/114851", "correlationVector":"cg8sRpZOaitfHFCcF+wTv2","action":"Initial GetUpdates", "result":"", "context":Reason: NEWLY_SUPPORTED_DATATYPE. cV=cg8sRpZOaitfHFCcF+wTv2}
{"logTime": "0818/114851", "correlationVector":"cg8sRpZOaitfHFCcF+wTv2.1","action":"SyncServerConnectionManagerRequest", "result":"SYNC_SERVER_OK", "context":{"environment":"Prod_southindia_prod-s01-004-apac-southindia", "migrationStage":"NotStarted", "server":"akswtt107000001"}}
{"logTime": "0818/114851", "correlationVector":"cg8sRpZOaitfHFCcF+wTv2.2","action":"ProcessGetUpdates", "result":"Done", "context":{"dataType":"Passwords", "deleted":"0", "process_failed_to_decrypt":"0", "process_pending_decryption":"0", "process_success":"25", "total":"25"}}
{"logTime": "0818/114851", "correlationVector":"cg8sRpZOaitfHFCcF+wTv2.3","action":"ProcessGetUpdates", "result":"Done", "context":{"dataType":"Device Info", "deleted":"0", "process_failed_to_decrypt":"0", "process_pending_decryption":"0", "process_success":"8", "total":"8"}}
{"logTime": "0818/114851", "correlationVector":"cg8sRpZOaitfHFCcF+wTv2.4","action":"GetUpdates Response", "result":"Success", "context":Received 33 update(s). cV=cg8sRpZOaitfHFCcF+wTv2.0;server=akswtt107000001;cloudType=Consumer;environment=Prod_southindia_prod-s01-004-apac-southindia;migrationStage=NotStarted}
{"logTime": "0818/114851", "correlationVector":"0LHF/5NVHYDsyPZou6T9nA","action":"Initial GetUpdates", "result":"", "context":Reason: NEWLY_SUPPORTED_DATATYPE. cV=0LHF/5NVHYDsyPZou6T9nA}
{"logTime": "0818/114852", "correlationVector":"0LHF/5NVHYDsyPZou6T9nA.1","action":"SyncServerConnectionManagerRequest", "result":"SYNC_SERVER_OK", "context":{"environment":"Prod_southindia_prod-s01-004-apac-southindia", "migrationStage":"NotStarted", "server":"akswtt10700001c"}}
{"logTime": "0818/114852", "correlationVector":"0LHF/5NVHYDsyPZou6T9nA.2","action":"ProcessGetUpdates", "result":"Done", "context":{"dataType":"Bookmarks", "deleted":"0", "process_failed_to_decrypt":"0", "process_pending_decryption":"0", "process_success":"61", "total":"61"}}
{"logTime": "0818/114852", "correlationVector":"0LHF/5NVHYDsyPZou6T9nA.3","action":"ProcessGetUpdates", "result":"Done", "context":{"dataType":"Preferences", "deleted":"0", "process_failed_to_decrypt":"0", "process_pending_decryption":"0", "process_success":"57", "total":"57"}}
{"logTime": "0818/114852", "correlationVector":"0LHF/5NVHYDsyPZou6T9nA.4","action":"ProcessGetUpdates", "result":"Done", "context":{"dataType":"Autofill", "deleted":"0", "process_failed_to_decrypt":"0", "process_pending_decryption":"0", "process_success":"73", "total":"73"}}
{"logTime": "0818/114852", "correlationVector":"0LHF/5NVHYDsyPZou6T9nA.5","action":"ProcessGetUpdates", "result":"Done", "context":{"dataType":"Sessions", "deleted":"51", "process_failed_to_decrypt":"0", "process_pending_decryption":"0", "process_success":"51", "total":"51"}}
{"logTime": "0818/114852", "correlationVector":"0LHF/5NVHYDsyPZou6T9nA.6","action":"ProcessGetUpdates", "result":"Done", "context":{"dataType":"Saved Tab Group", "deleted":"1", "process_failed_to_decrypt":"0", "process_pending_decryption":"0", "process_success":"1", "total":"1"}}
{"logTime": "0818/114852", "correlationVector":"0LHF/5NVHYDsyPZou6T9nA.7","action":"ProcessGetUpdates", "result":"Done", "context":{"dataType":"Edge Hub App Usage", "deleted":"3", "process_failed_to_decrypt":"0", "process_pending_decryption":"0", "process_success":"7", "total":"7"}}
{"logTime": "0818/114852", "correlationVector":"0LHF/5NVHYDsyPZou6T9nA.8","action":"GetUpdates Response", "result":"Success", "context":Received 250 update(s). cV=0LHF/5NVHYDsyPZou6T9nA.0;server=akswtt10700001c;cloudType=Consumer;environment=Prod_southindia_prod-s01-004-apac-southindia;migrationStage=NotStarted Some updates remain.}
{"logTime": "0818/114852", "correlationVector":"b9Oii9kJCoHqbVRD8YgzZj","action":"Initial GetUpdates", "result":"", "context":Reason: NEWLY_SUPPORTED_DATATYPE. cV=b9Oii9kJCoHqbVRD8YgzZj}
{"logTime": "0818/114853", "correlationVector":"b9Oii9kJCoHqbVRD8YgzZj.1","action":"SyncServerConnectionManagerRequest", "result":"SYNC_SERVER_OK", "context":{"environment":"Prod_southindia_prod-s01-004-apac-southindia", "migrationStage":"NotStarted", "server":"akswtt107000027"}}
{"logTime": "0818/114853", "correlationVector":"b9Oii9kJCoHqbVRD8YgzZj.2","action":"ProcessGetUpdates", "result":"Done", "context":{"dataType":"Bookmarks", "deleted":"0", "process_failed_to_decrypt":"0", "process_pending_decryption":"0", "process_success":"3", "total":"3"}}
{"logTime": "0818/114853", "correlationVector":"b9Oii9kJCoHqbVRD8YgzZj.3","action":"ProcessGetUpdates", "result":"Done", "context":{"dataType":"Preferences", "deleted":"0", "process_failed_to_decrypt":"0", "process_pending_decryption":"0", "process_success":"3", "total":"3"}}
{"logTime": "0818/114853", "correlationVector":"b9Oii9kJCoHqbVRD8YgzZj.4","action":"ProcessGetUpdates", "result":"Done", "context":{"dataType":"Autofill", "deleted":"0", "process_failed_to_decrypt":"0", "process_pending_decryption":"0", "process_success":"71", "total":"71"}}
{"logTime": "0818/114853", "correlationVector":"b9Oii9kJCoHqbVRD8YgzZj.5","action":"ProcessGetUpdates", "result":"Done", "context":{"dataType":"Sessions", "deleted":"158", "process_failed_to_decrypt":"0", "process_pending_decryption":"0", "process_success":"158", "total":"158"}}
{"logTime": "0818/114853", "correlationVector":"b9Oii9kJCoHqbVRD8YgzZj.6","action":"ProcessGetUpdates", "result":"Done", "context":{"dataType":"Saved Tab Group", "deleted":"2", "process_failed_to_decrypt":"0", "process_pending_decryption":"0", "process_success":"2", "total":"2"}}
{"logTime": "0818/114853", "correlationVector":"b9Oii9kJCoHqbVRD8YgzZj.7","action":"ProcessGetUpdates", "result":"Done", "context":{"dataType":"Edge Hub App Usage", "deleted":"4", "process_failed_to_decrypt":"0", "process_pending_decryption":"0", "process_success":"13", "total":"13"}}
{"logTime": "0818/114853", "correlationVector":"b9Oii9kJCoHqbVRD8YgzZj.8","action":"GetUpdates Response", "result":"Success", "context":Received 250 update(s). cV=b9Oii9kJCoHqbVRD8YgzZj.0;server=akswtt107000027;cloudType=Consumer;environment=Prod_southindia_prod-s01-004-apac-southindia;migrationStage=NotStarted Some updates remain.}
{"logTime": "0818/114853", "correlationVector":"Krg7BviL/qD1Y9IFUYGHHR","action":"Initial GetUpdates", "result":"", "context":Reason: NEWLY_SUPPORTED_DATATYPE. cV=Krg7BviL/qD1Y9IFUYGHHR}
{"logTime": "0818/114853", "correlationVector":"Krg7BviL/qD1Y9IFUYGHHR.1","action":"SyncServerConnectionManagerRequest", "result":"SYNC_SERVER_OK", "context":{"environment":"Prod_southeastasia_prod-s01-065-apac-southeastasia", "migrationStage":"NotStarted", "server":"akswtt003000013"}}
{"logTime": "0818/114853", "correlationVector":"Krg7BviL/qD1Y9IFUYGHHR.2","action":"ProcessGetUpdates", "result":"Done", "context":{"dataType":"Bookmarks", "deleted":"2", "process_failed_to_decrypt":"0", "process_pending_decryption":"0", "process_success":"5", "total":"5"}}
{"logTime": "0818/114853", "correlationVector":"Krg7BviL/qD1Y9IFUYGHHR.3","action":"ProcessGetUpdates", "result":"Done", "context":{"dataType":"Preferences", "deleted":"0", "process_failed_to_decrypt":"0", "process_pending_decryption":"0", "process_success":"5", "total":"5"}}
{"logTime": "0818/114853", "correlationVector":"Krg7BviL/qD1Y9IFUYGHHR.4","action":"ProcessGetUpdates", "result":"Done", "context":{"dataType":"Autofill Profiles", "deleted":"0", "process_failed_to_decrypt":"0", "process_pending_decryption":"0", "process_success":"1", "total":"1"}}
{"logTime": "0818/114853", "correlationVector":"Krg7BviL/qD1Y9IFUYGHHR.5","action":"ProcessGetUpdates", "result":"Done", "context":{"dataType":"Autofill", "deleted":"0", "process_failed_to_decrypt":"0", "process_pending_decryption":"0", "process_success":"1", "total":"1"}}
{"logTime": "0818/114853", "correlationVector":"Krg7BviL/qD1Y9IFUYGHHR.6","action":"ProcessGetUpdates", "result":"Done", "context":{"dataType":"Sessions", "deleted":"167", "process_failed_to_decrypt":"0", "process_pending_decryption":"0", "process_success":"169", "total":"169"}}
{"logTime": "0818/114853", "correlationVector":"Krg7BviL/qD1Y9IFUYGHHR.7","action":"ProcessGetUpdates", "result":"Done", "context":{"dataType":"Edge Hub App Usage", "deleted":"11", "process_failed_to_decrypt":"0", "process_pending_decryption":"0", "process_success":"13", "total":"13"}}
{"logTime": "0818/114853", "correlationVector":"Krg7BviL/qD1Y9IFUYGHHR.8","action":"ProcessGetUpdates", "result":"Done", "context":{"dataType":"Edge Workspace", "deleted":"3", "process_failed_to_decrypt":"0", "process_pending_decryption":"0", "process_success":"3", "total":"3"}}
{"logTime": "0818/114853", "correlationVector":"Krg7BviL/qD1Y9IFUYGHHR.9","action":"GetUpdates Response", "result":"Success", "context":Received 197 update(s). cV=Krg7BviL/qD1Y9IFUYGHHR.0;server=akswtt003000013;cloudType=Consumer;environment=Prod_southeastasia_prod-s01-065-apac-southeastasia;migrationStage=NotStarted}
{"logTime": "0818/114854", "correlationVector":"KDZ0LXoHk6MOWhvl3hLN48","action":"Initial GetUpdates", "result":"", "context":Reason: NEWLY_SUPPORTED_DATATYPE. cV=KDZ0LXoHk6MOWhvl3hLN48}
{"logTime": "0818/114854", "correlationVector":"KDZ0LXoHk6MOWhvl3hLN48.1","action":"SyncServerConnectionManagerRequest", "result":"SYNC_SERVER_OK", "context":{"environment":"Prod_southindia_prod-s01-004-apac-southindia", "migrationStage":"NotStarted", "server":"akswtt10700000x"}}
{"logTime": "0818/114854", "correlationVector":"KDZ0LXoHk6MOWhvl3hLN48.2","action":"ProcessGetUpdates", "result":"Done", "context":{"dataType":"History", "deleted":"0", "process_failed_to_decrypt":"0", "process_pending_decryption":"0", "process_success":"250", "total":"250"}}
{"logTime": "0818/114854", "correlationVector":"KDZ0LXoHk6MOWhvl3hLN48.3","action":"GetUpdates Response", "result":"Success", "context":Received 250 update(s). cV=KDZ0LXoHk6MOWhvl3hLN48.0;server=akswtt10700000x;cloudType=Consumer;environment=Prod_southindia_prod-s01-004-apac-southindia;migrationStage=NotStarted Some updates remain.}
{"logTime": "0818/114854", "correlationVector":"MRe4GF7dle17GGukij3GC0","action":"Initial GetUpdates", "result":"", "context":Reason: NEWLY_SUPPORTED_DATATYPE. cV=MRe4GF7dle17GGukij3GC0}
{"logTime": "0818/114855", "correlationVector":"MRe4GF7dle17GGukij3GC0.1","action":"SyncServerConnectionManagerRequest", "result":"SYNC_SERVER_OK", "context":{"environment":"Prod_southindia_prod-s01-004-apac-southindia", "migrationStage":"NotStarted", "server":"akswtt10700001n"}}
{"logTime": "0818/114855", "correlationVector":"MRe4GF7dle17GGukij3GC0.2","action":"ProcessGetUpdates", "result":"Done", "context":{"dataType":"History", "deleted":"0", "process_failed_to_decrypt":"0", "process_pending_decryption":"0", "process_success":"101", "total":"101"}}
{"logTime": "0818/114855", "correlationVector":"MRe4GF7dle17GGukij3GC0.3","action":"GetUpdates Response", "result":"Success", "context":Received 101 update(s). cV=MRe4GF7dle17GGukij3GC0.0;server=akswtt10700001n;cloudType=Consumer;environment=Prod_southindia_prod-s01-004-apac-southindia;migrationStage=NotStarted}
{"logTime": "0818/114855", "correlationVector":"qh8tq0MQo2KymbjmRkdnST","action":"Normal GetUpdate request", "result":"", "context":cV=qh8tq0MQo2KymbjmRkdnST
Nudged types: Passwords, Sessions, Device Info, User Consents
Refresh requested types: Bookmarks, Preferences, Passwords, Autofill Profiles, Autofill, Extensions, Sessions, Extension settings, History Delete Directives, Device Info, User Consents, Send Tab To Self, Web Apps, History, Saved Tab Group, WebAuthn Credentials, Edge E Drop, Edge Hub App Usage, Edge Workspace, Encryption Keys}
{"logTime": "0818/114855", "correlationVector":"qh8tq0MQo2KymbjmRkdnST.1","action":"SyncServerConnectionManagerRequest", "result":"SYNC_SERVER_OK", "context":{"environment":"Prod_southindia_prod-s01-004-apac-southindia", "migrationStage":"NotStarted", "server":"akswtt10700000q"}}
{"logTime": "0818/114855", "correlationVector":"qh8tq0MQo2KymbjmRkdnST.2","action":"GetUpdates Response", "result":"Success", "context":Received 0 update(s). cV=qh8tq0MQo2KymbjmRkdnST.0;server=akswtt10700000q;cloudType=Consumer;environment=Prod_southindia_prod-s01-004-apac-southindia;migrationStage=NotStarted}
{"logTime": "0818/114855", "correlationVector":"acmtCypSEfu4pC4wrI2osK","action":"Commit Request", "result":"", "context":Item count: 5
Contributing types: Passwords, Sessions, Device Info, User Consents}
{"logTime": "0818/114856", "correlationVector":"acmtCypSEfu4pC4wrI2osK.1","action":"SyncServerConnectionManagerRequest", "result":"SYNC_SERVER_OK", "context":{"environment":"Prod_southeastasia_prod-s01-065-apac-southeastasia", "migrationStage":"NotStarted", "server":"akswtt003000019"}}
{"logTime": "0818/114856", "correlationVector":"acmtCypSEfu4pC4wrI2osK.2","action":"Commit Response", "result":"Success", "context":Result: Success. cV=acmtCypSEfu4pC4wrI2osK.0;server=akswtt003000019;cloudType=Consumer;environment=Prod_southeastasia_prod-s01-065-apac-southeastasia;migrationStage=NotStarted}
{"logTime": "0818/114856", "correlationVector":"ZvtbUiCBd5qgEYbp4Co3MD","action":"Commit Request", "result":"", "context":Item count: 1
Contributing types: Device Info}
{"logTime": "0818/114857", "correlationVector":"ZvtbUiCBd5qgEYbp4Co3MD.1","action":"SyncServerConnectionManagerRequest", "result":"SYNC_SERVER_OK", "context":{"environment":"Prod_southindia_prod-s01-004-apac-southindia", "migrationStage":"NotStarted", "server":"akswtt107000001"}}
{"logTime": "0818/114857", "correlationVector":"ZvtbUiCBd5qgEYbp4Co3MD.2","action":"Commit Response", "result":"Success", "context":Result: Success. cV=ZvtbUiCBd5qgEYbp4Co3MD.0;server=akswtt107000001;cloudType=Consumer;environment=Prod_southindia_prod-s01-004-apac-southindia;migrationStage=NotStarted}
{"logTime": "0818/114910", "correlationVector":"6aaomRHgFwrAuCJBGUEo5h","action":"Commit Request", "result":"", "context":Item count: 7
Contributing types: Sessions, History, Edge Hub App Usage}
{"logTime": "0818/114911", "correlationVector":"6aaomRHgFwrAuCJBGUEo5h.1","action":"SyncServerConnectionManagerRequest", "result":"SYNC_SERVER_OK", "context":{"environment":"Prod_southindia_prod-s01-004-apac-southindia", "migrationStage":"NotStarted", "server":"akswtt10700000x"}}
{"logTime": "0818/114911", "correlationVector":"6aaomRHgFwrAuCJBGUEo5h.2","action":"Commit Response", "result":"Success", "context":Result: Success. cV=6aaomRHgFwrAuCJBGUEo5h.0;server=akswtt10700000x;cloudType=Consumer;environment=Prod_southindia_prod-s01-004-apac-southindia;migrationStage=NotStarted}
{"logTime": "0818/114930", "correlationVector":"8sY+hU9bK6ykMhVMfy1vww","action":"Normal GetUpdate request", "result":"", "context":cV=8sY+hU9bK6ykMhVMfy1vww
Nudged types: Sessions
Notified types: Device Info}
{"logTime": "0818/114931", "correlationVector":"8sY+hU9bK6ykMhVMfy1vww.1","action":"SyncServerConnectionManagerRequest", "result":"SYNC_SERVER_OK", "context":{"environment":"Prod_southindia_prod-s01-004-apac-southindia", "migrationStage":"NotStarted", "server":"akswtt10700001f"}}
{"logTime": "0818/114931", "correlationVector":"8sY+hU9bK6ykMhVMfy1vww.2","action":"ProcessGetUpdates", "result":"Done", "context":{"dataType":"Passwords", "deleted":"0", "process_failed_to_decrypt":"0", "process_pending_decryption":"0", "process_success":"1", "total":"1"}}
{"logTime": "0818/114931", "correlationVector":"8sY+hU9bK6ykMhVMfy1vww.3","action":"ProcessGetUpdates", "result":"Done", "context":{"dataType":"Sessions", "deleted":"0", "process_failed_to_decrypt":"0", "process_pending_decryption":"0", "process_success":"2", "total":"2"}}
{"logTime": "0818/114931", "correlationVector":"8sY+hU9bK6ykMhVMfy1vww.4","action":"ProcessGetUpdates", "result":"Done", "context":{"dataType":"Device Info", "deleted":"0", "process_failed_to_decrypt":"0", "process_pending_decryption":"0", "process_success":"2", "total":"2"}}
{"logTime": "0818/114931", "correlationVector":"8sY+hU9bK6ykMhVMfy1vww.5","action":"ProcessGetUpdates", "result":"Done", "context":{"dataType":"History", "deleted":"0", "process_failed_to_decrypt":"0", "process_pending_decryption":"0", "process_success":"5", "total":"5"}}
{"logTime": "0818/114931", "correlationVector":"8sY+hU9bK6ykMhVMfy1vww.6","action":"ProcessGetUpdates", "result":"Done", "context":{"dataType":"Edge Hub App Usage", "deleted":"0", "process_failed_to_decrypt":"0", "process_pending_decryption":"0", "process_success":"1", "total":"1"}}
{"logTime": "0818/114931", "correlationVector":"8sY+hU9bK6ykMhVMfy1vww.7","action":"GetUpdates Response", "result":"Success", "context":Received 11 update(s). cV=8sY+hU9bK6ykMhVMfy1vww.0;server=akswtt10700001f;cloudType=Consumer;environment=Prod_southindia_prod-s01-004-apac-southindia;migrationStage=NotStarted}
{"logTime": "0818/114931", "correlationVector":"HjNbfdh+T4aKggMqnzGIZ4","action":"DoCompareDataConsistency requsted types: ", "result":"Bookmarks, Preferences, Passwords, Extensions, Extension settings, History Delete Directives, Send Tab To Self, Web Apps, History, Saved Tab Group, WebAuthn Credentials, Edge E Drop, Edge Workspace, Encryption Keys"}
{"logTime": "0818/114931", "correlationVector":"HjNbfdh+T4aKggMqnzGIZ4.0","action":"CompareDataConsistency result: ", "result":"Compare result: Encryption Keys is consistent. local entities count is: 1 local entities hash is: j60cP6cBRNbCtlPui75xR1kLWAo="}
{"logTime": "0818/114931", "correlationVector":"HjNbfdh+T4aKggMqnzGIZ4.1","action":"CompareDataConsistency result: ", "result":"Compare result: Bookmarks is consistent. local entities count is: 61 local entities hash is: k6llfe8hXZQQDqVMMZk65Sl0HVQ="}
{"logTime": "0818/114931", "correlationVector":"HjNbfdh+T4aKggMqnzGIZ4.2","action":"CompareDataConsistency result: ", "result":"Compare result: Preferences is consistent. local entities count is: 65 local entities hash is: VkJt8NLYowqSNBjL9AXaBwyDM4U="}
{"logTime": "0818/114931", "correlationVector":"HjNbfdh+T4aKggMqnzGIZ4.3","action":"CompareDataConsistency result: ", "result":"Compare result: Extensions is consistent. local entities count is: 0 local entities hash is: "}
{"logTime": "0818/114931", "correlationVector":"HjNbfdh+T4aKggMqnzGIZ4.4","action":"CompareDataConsistency result: ", "result":"Compare result: Extension settings is consistent. local entities count is: 0 local entities hash is: "}
{"logTime": "0818/114931", "correlationVector":"HjNbfdh+T4aKggMqnzGIZ4.5","action":"CompareDataConsistency result: ", "result":"Compare result: History Delete Directives is consistent. local entities count is: 0 local entities hash is: "}
{"logTime": "0818/114931", "correlationVector":"HjNbfdh+T4aKggMqnzGIZ4.6","action":"CompareDataConsistency result: ", "result":"Server did not send this Send Tab To Self local entities count is: 0 local entities hash is: "}
{"logTime": "0818/114931", "correlationVector":"HjNbfdh+T4aKggMqnzGIZ4.7","action":"CompareDataConsistency result: ", "result":"Compare result: Web Apps is consistent. local entities count is: 0 local entities hash is: "}
{"logTime": "0818/114931", "correlationVector":"HjNbfdh+T4aKggMqnzGIZ4.8","action":"CompareDataConsistency result: ", "result":"Server did not send this History local entities count is: 0 local entities hash is: "}
{"logTime": "0818/114931", "correlationVector":"HjNbfdh+T4aKggMqnzGIZ4.9","action":"CompareDataConsistency result: ", "result":"Compare result: Saved Tab Group is consistent. local entities count is: 0 local entities hash is: "}
{"logTime": "0818/114931", "correlationVector":"HjNbfdh+T4aKggMqnzGIZ4.10","action":"CompareDataConsistency result: ", "result":"Server did not send this WebAuthn Credentials local entities count is: 0 local entities hash is: "}
{"logTime": "0818/114931", "correlationVector":"HjNbfdh+T4aKggMqnzGIZ4.11","action":"CompareDataConsistency result: ", "result":"Compare result: Edge E Drop is consistent. local entities count is: 0 local entities hash is: "}
{"logTime": "0818/114931", "correlationVector":"HjNbfdh+T4aKggMqnzGIZ4.12","action":"CompareDataConsistency result: ", "result":"Server did not send this Edge Workspace local entities count is: 0 local entities hash is: "}
{"logTime": "0818/114931", "correlationVector":"HjNbfdh+T4aKggMqnzGIZ4.13","action":"CompareDataConsistency result: ", "result":"Compare result: Passwords is consistent. local entities count is: 26 local entities hash is: 3ZW1j6unxp9abv3sdek7bVMQeos="}
{"logTime": "0818/114931", "correlationVector":"HlKMpa97WXEWlNgtFjMBc1","action":"Commit Request", "result":"", "context":Item count: 1
Contributing types: Sessions}
{"logTime": "0818/114931", "correlationVector":"HlKMpa97WXEWlNgtFjMBc1.1","action":"SyncServerConnectionManagerRequest", "result":"SYNC_SERVER_OK", "context":{"environment":"Prod_southeastasia_prod-s01-065-apac-southeastasia", "migrationStage":"NotStarted", "server":"akswtt003000013"}}
{"logTime": "0818/114931", "correlationVector":"HlKMpa97WXEWlNgtFjMBc1.2","action":"Commit Response", "result":"Success", "context":Result: Success. cV=HlKMpa97WXEWlNgtFjMBc1.0;server=akswtt003000013;cloudType=Consumer;environment=Prod_southeastasia_prod-s01-065-apac-southeastasia;migrationStage=NotStarted}
{"logTime": "0818/114931", "correlationVector":"","action":"DIAGNOSTIC_REQUEST|v1/diagnosticData/Diagnostic.SendCheckResult()|SUCCESS", "result":""}
{"logTime": "0818/115047", "correlationVector":"MrahNepJSSREyIukSTT6rw","action":"Normal GetUpdate request", "result":"", "context":cV=MrahNepJSSREyIukSTT6rw
Notified types: Device Info}
{"logTime": "0818/115047", "correlationVector":"MrahNepJSSREyIukSTT6rw.1","action":"SyncServerConnectionManagerRequest", "result":"SYNC_SERVER_OK", "context":{"environment":"Prod_southindia_prod-s01-004-apac-southindia", "migrationStage":"NotStarted", "server":"akswtt10700001w"}}
{"logTime": "0818/115047", "correlationVector":"MrahNepJSSREyIukSTT6rw.2","action":"ProcessGetUpdates", "result":"Done", "context":{"dataType":"Sessions", "deleted":"0", "process_failed_to_decrypt":"0", "process_pending_decryption":"0", "process_success":"1", "total":"1"}}
{"logTime": "0818/115047", "correlationVector":"MrahNepJSSREyIukSTT6rw.3","action":"ProcessGetUpdates", "result":"Done", "context":{"dataType":"Device Info", "deleted":"0", "process_failed_to_decrypt":"0", "process_pending_decryption":"0", "process_success":"1", "total":"1"}}
{"logTime": "0818/115047", "correlationVector":"MrahNepJSSREyIukSTT6rw.4","action":"GetUpdates Response", "result":"Success", "context":Received 2 update(s). cV=MrahNepJSSREyIukSTT6rw.0;server=akswtt10700001w;cloudType=Consumer;environment=Prod_southindia_prod-s01-004-apac-southindia;migrationStage=NotStarted}
{"logTime": "0818/115113", "correlationVector":"peQYRzEQsZKbpd2UiIT6UY","action":"Normal GetUpdate request", "result":"", "context":cV=peQYRzEQsZKbpd2UiIT6UY
Notified types: Device Info}
{"logTime": "0818/115114", "correlationVector":"peQYRzEQsZKbpd2UiIT6UY.1","action":"SyncServerConnectionManagerRequest", "result":"SYNC_SERVER_OK", "context":{"environment":"Prod_southindia_prod-s01-004-apac-southindia", "migrationStage":"NotStarted", "server":"akswtt10700001c"}}
{"logTime": "0818/115114", "correlationVector":"peQYRzEQsZKbpd2UiIT6UY.2","action":"ProcessGetUpdates", "result":"Done", "context":{"dataType":"Device Info", "deleted":"0", "process_failed_to_decrypt":"0", "process_pending_decryption":"0", "process_success":"1", "total":"1"}}
{"logTime": "0818/115114", "correlationVector":"peQYRzEQsZKbpd2UiIT6UY.3","action":"GetUpdates Response", "result":"Success", "context":Received 1 update(s). cV=peQYRzEQsZKbpd2UiIT6UY.0;server=akswtt10700001c;cloudType=Consumer;environment=Prod_southindia_prod-s01-004-apac-southindia;migrationStage=NotStarted}
{"logTime": "0818/115119", "correlationVector":"F/y+gc4oqVAo24xsSXD2pk","action":"Normal GetUpdate request", "result":"", "context":cV=F/y+gc4oqVAo24xsSXD2pk
Notified types: Device Info}
{"logTime": "0818/115119", "correlationVector":"F/y+gc4oqVAo24xsSXD2pk.1","action":"SyncServerConnectionManagerRequest", "result":"SYNC_SERVER_OK", "context":{"environment":"Prod_southindia_prod-s01-004-apac-southindia", "migrationStage":"NotStarted", "server":"akswtt10700001c"}}
{"logTime": "0818/115119", "correlationVector":"F/y+gc4oqVAo24xsSXD2pk.2","action":"ProcessGetUpdates", "result":"Done", "context":{"dataType":"Device Info", "deleted":"0", "process_failed_to_decrypt":"0", "process_pending_decryption":"0", "process_success":"1", "total":"1"}}
{"logTime": "0818/115119", "correlationVector":"F/y+gc4oqVAo24xsSXD2pk.3","action":"GetUpdates Response", "result":"Success", "context":Received 1 update(s). cV=F/y+gc4oqVAo24xsSXD2pk.0;server=akswtt10700001c;cloudType=Consumer;environment=Prod_southindia_prod-s01-004-apac-southindia;migrationStage=NotStarted}
{"logTime": "0818/115300", "correlationVector":"AU7hQryBKz/x0Nfa/JVr//","action":"Commit Request", "result":"", "context":Item count: 1
Contributing types: History}
{"logTime": "0818/115300", "correlationVector":"AU7hQryBKz/x0Nfa/JVr//.1","action":"SyncServerConnectionManagerRequest", "result":"SYNC_SERVER_OK", "context":{"environment":"Prod_southindia_prod-s01-004-apac-southindia", "migrationStage":"NotStarted", "server":"akswtt10700000x"}}
{"logTime": "0818/115300", "correlationVector":"AU7hQryBKz/x0Nfa/JVr//.2","action":"Commit Response", "result":"Success", "context":Result: Success. cV=AU7hQryBKz/x0Nfa/JVr//.0;server=akswtt10700000x;cloudType=Consumer;environment=Prod_southindia_prod-s01-004-apac-southindia;migrationStage=NotStarted}
{"logTime": "0818/120819", "correlationVector":"oAY6OUHaim3T0GmGaLMbDY","action":"Normal GetUpdate request", "result":"", "context":cV=oAY6OUHaim3T0GmGaLMbDY
Notified types: Preferences}
{"logTime": "0818/120820", "correlationVector":"oAY6OUHaim3T0GmGaLMbDY.1","action":"SyncServerConnectionManagerRequest", "result":"SYNC_SERVER_OK", "context":{"environment":"Prod_southeastasia_prod-s01-064-apac-southeastasia", "migrationStage":"NotStarted", "server":"akswtt003000014"}}
{"logTime": "0818/120820", "correlationVector":"oAY6OUHaim3T0GmGaLMbDY.2","action":"ProcessGetUpdates", "result":"Done", "context":{"dataType":"Preferences", "deleted":"0", "process_failed_to_decrypt":"0", "process_pending_decryption":"0", "process_success":"1", "total":"1"}}
{"logTime": "0818/120820", "correlationVector":"oAY6OUHaim3T0GmGaLMbDY.3","action":"ProcessGetUpdates", "result":"Done", "context":{"dataType":"Sessions", "deleted":"0", "process_failed_to_decrypt":"0", "process_pending_decryption":"0", "process_success":"1", "total":"1"}}
{"logTime": "0818/120820", "correlationVector":"oAY6OUHaim3T0GmGaLMbDY.4","action":"ProcessGetUpdates", "result":"Done", "context":{"dataType":"History", "deleted":"0", "process_failed_to_decrypt":"0", "process_pending_decryption":"0", "process_success":"1", "total":"1"}}
{"logTime": "0818/120820", "correlationVector":"oAY6OUHaim3T0GmGaLMbDY.5","action":"GetUpdates Response", "result":"Success", "context":Received 3 update(s). cV=oAY6OUHaim3T0GmGaLMbDY.0;server=akswtt003000014;cloudType=Consumer;environment=Prod_southeastasia_prod-s01-064-apac-southeastasia;migrationStage=NotStarted}
{"logTime": "0818/121022", "correlationVector":"Z4BOPfpQGxwhEn2pqH1t6W","action":"Normal GetUpdate request", "result":"", "context":cV=Z4BOPfpQGxwhEn2pqH1t6W
Notified types: Device Info}
{"logTime": "0818/121022", "correlationVector":"Z4BOPfpQGxwhEn2pqH1t6W.1","action":"SyncServerConnectionManagerRequest", "result":"SYNC_SERVER_OK", "context":{"environment":"Prod_southeastasia_prod-s01-064-apac-southeastasia", "migrationStage":"NotStarted", "server":"akswtt00300000r"}}
{"logTime": "0818/121022", "correlationVector":"Z4BOPfpQGxwhEn2pqH1t6W.2","action":"ProcessGetUpdates", "result":"Done", "context":{"dataType":"Device Info", "deleted":"0", "process_failed_to_decrypt":"0", "process_pending_decryption":"0", "process_success":"1", "total":"1"}}
{"logTime": "0818/121022", "correlationVector":"Z4BOPfpQGxwhEn2pqH1t6W.3","action":"GetUpdates Response", "result":"Success", "context":Received 1 update(s). cV=Z4BOPfpQGxwhEn2pqH1t6W.0;server=akswtt00300000r;cloudType=Consumer;environment=Prod_southeastasia_prod-s01-064-apac-southeastasia;migrationStage=NotStarted}
{"logTime": "0818/121032", "correlationVector":"C7xcowGY73Zso6brVArPJH","action":"Normal GetUpdate request", "result":"", "context":cV=C7xcowGY73Zso6brVArPJH
Notified types: Device Info}
{"logTime": "0818/121032", "correlationVector":"C7xcowGY73Zso6brVArPJH.1","action":"SyncServerConnectionManagerRequest", "result":"SYNC_SERVER_OK", "context":{"environment":"Prod_southindia_prod-s01-004-apac-southindia", "migrationStage":"NotStarted", "server":"akswtt107000000"}}
{"logTime": "0818/121032", "correlationVector":"C7xcowGY73Zso6brVArPJH.2","action":"ProcessGetUpdates", "result":"Done", "context":{"dataType":"Device Info", "deleted":"0", "process_failed_to_decrypt":"0", "process_pending_decryption":"0", "process_success":"1", "total":"1"}}
{"logTime": "0818/121032", "correlationVector":"C7xcowGY73Zso6brVArPJH.3","action":"GetUpdates Response", "result":"Success", "context":Received 1 update(s). cV=C7xcowGY73Zso6brVArPJH.0;server=akswtt107000000;cloudType=Consumer;environment=Prod_southindia_prod-s01-004-apac-southindia;migrationStage=NotStarted}
{"logTime": "0818/121041", "correlationVector":"5CVfSYx+8qlxzeKEVjBM5s","action":"Normal GetUpdate request", "result":"", "context":cV=5CVfSYx+8qlxzeKEVjBM5s
Notified types: Device Info}
{"logTime": "0818/121041", "correlationVector":"5CVfSYx+8qlxzeKEVjBM5s.1","action":"SyncServerConnectionManagerRequest", "result":"SYNC_SERVER_OK", "context":{"environment":"Prod_southindia_prod-s01-004-apac-southindia", "migrationStage":"NotStarted", "server":"akswtt107000019"}}
{"logTime": "0818/121041", "correlationVector":"5CVfSYx+8qlxzeKEVjBM5s.2","action":"ProcessGetUpdates", "result":"Done", "context":{"dataType":"Device Info", "deleted":"0", "process_failed_to_decrypt":"0", "process_pending_decryption":"0", "process_success":"1", "total":"1"}}
{"logTime": "0818/121041", "correlationVector":"5CVfSYx+8qlxzeKEVjBM5s.3","action":"GetUpdates Response", "result":"Success", "context":Received 1 update(s). cV=5CVfSYx+8qlxzeKEVjBM5s.0;server=akswtt107000019;cloudType=Consumer;environment=Prod_southindia_prod-s01-004-apac-southindia;migrationStage=NotStarted}
{"logTime": "0818/121043", "correlationVector":"OXutwbx7cPSdxX7C0W+guR","action":"Normal GetUpdate request", "result":"", "context":cV=OXutwbx7cPSdxX7C0W+guR
Notified types: Device Info}
{"logTime": "0818/121044", "correlationVector":"OXutwbx7cPSdxX7C0W+guR.1","action":"SyncServerConnectionManagerRequest", "result":"SYNC_SERVER_OK", "context":{"environment":"Prod_southindia_prod-s01-004-apac-southindia", "migrationStage":"NotStarted", "server":"akswtt10700002d"}}
{"logTime": "0818/121044", "correlationVector":"OXutwbx7cPSdxX7C0W+guR.2","action":"ProcessGetUpdates", "result":"Done", "context":{"dataType":"Device Info", "deleted":"0", "process_failed_to_decrypt":"0", "process_pending_decryption":"0", "process_success":"1", "total":"1"}}
{"logTime": "0818/121044", "correlationVector":"OXutwbx7cPSdxX7C0W+guR.3","action":"GetUpdates Response", "result":"Success", "context":Received 1 update(s). cV=OXutwbx7cPSdxX7C0W+guR.0;server=akswtt10700002d;cloudType=Consumer;environment=Prod_southindia_prod-s01-004-apac-southindia;migrationStage=NotStarted}
{"logTime": "0818/121117", "correlationVector":"xQASPP8rt9de2jZdgGGnNX","action":"Normal GetUpdate request", "result":"", "context":cV=xQASPP8rt9de2jZdgGGnNX
Notified types: Device Info}
{"logTime": "0818/121117", "correlationVector":"xQASPP8rt9de2jZdgGGnNX.1","action":"SyncServerConnectionManagerRequest", "result":"SYNC_SERVER_OK", "context":{"environment":"Prod_southindia_prod-s01-004-apac-southindia", "migrationStage":"NotStarted", "server":"akswtt10700002d"}}
{"logTime": "0818/121117", "correlationVector":"xQASPP8rt9de2jZdgGGnNX.2","action":"ProcessGetUpdates", "result":"Done", "context":{"dataType":"Device Info", "deleted":"0", "process_failed_to_decrypt":"0", "process_pending_decryption":"0", "process_success":"1", "total":"1"}}
{"logTime": "0818/121117", "correlationVector":"xQASPP8rt9de2jZdgGGnNX.3","action":"GetUpdates Response", "result":"Success", "context":Received 1 update(s). cV=xQASPP8rt9de2jZdgGGnNX.0;server=akswtt10700002d;cloudType=Consumer;environment=Prod_southindia_prod-s01-004-apac-southindia;migrationStage=NotStarted}
{"logTime": "0818/121118", "correlationVector":"urtdzmZpIgPAWAQqigbTvc","action":"Normal GetUpdate request", "result":"", "context":cV=urtdzmZpIgPAWAQqigbTvc
Notified types: Device Info}
{"logTime": "0818/121119", "correlationVector":"urtdzmZpIgPAWAQqigbTvc.1","action":"SyncServerConnectionManagerRequest", "result":"SYNC_SERVER_OK", "context":{"environment":"Prod_southindia_prod-s01-004-apac-southindia", "migrationStage":"NotStarted", "server":"akswtt107000012"}}
{"logTime": "0818/121119", "correlationVector":"urtdzmZpIgPAWAQqigbTvc.2","action":"ProcessGetUpdates", "result":"Done", "context":{"dataType":"Device Info", "deleted":"0", "process_failed_to_decrypt":"0", "process_pending_decryption":"0", "process_success":"1", "total":"1"}}
{"logTime": "0818/121119", "correlationVector":"urtdzmZpIgPAWAQqigbTvc.3","action":"GetUpdates Response", "result":"Success", "context":Received 1 update(s). cV=urtdzmZpIgPAWAQqigbTvc.0;server=akswtt107000012;cloudType=Consumer;environment=Prod_southindia_prod-s01-004-apac-southindia;migrationStage=NotStarted}
{"logTime": "0818/121136", "correlationVector":"PpTM0iC7qSE4ZpAlrWzOQP","action":"Normal GetUpdate request", "result":"", "context":cV=PpTM0iC7qSE4ZpAlrWzOQP
Notified types: Device Info}
{"logTime": "0818/121137", "correlationVector":"PpTM0iC7qSE4ZpAlrWzOQP.1","action":"SyncServerConnectionManagerRequest", "result":"SYNC_SERVER_OK", "context":{"environment":"Prod_southindia_prod-s01-004-apac-southindia", "migrationStage":"NotStarted", "server":"akswtt107000014"}}
{"logTime": "0818/121137", "correlationVector":"PpTM0iC7qSE4ZpAlrWzOQP.2","action":"ProcessGetUpdates", "result":"Done", "context":{"dataType":"Device Info", "deleted":"0", "process_failed_to_decrypt":"0", "process_pending_decryption":"0", "process_success":"1", "total":"1"}}
{"logTime": "0818/121137", "correlationVector":"PpTM0iC7qSE4ZpAlrWzOQP.3","action":"GetUpdates Response", "result":"Success", "context":Received 1 update(s). cV=PpTM0iC7qSE4ZpAlrWzOQP.0;server=akswtt107000014;cloudType=Consumer;environment=Prod_southindia_prod-s01-004-apac-southindia;migrationStage=NotStarted}
{"logTime": "0818/121138", "correlationVector":"VX7KXXfQvGvqErs1Xnw0av","action":"Normal GetUpdate request", "result":"", "context":cV=VX7KXXfQvGvqErs1Xnw0av
Notified types: Device Info}
{"logTime": "0818/121139", "correlationVector":"VX7KXXfQvGvqErs1Xnw0av.1","action":"SyncServerConnectionManagerRequest", "result":"SYNC_SERVER_OK", "context":{"environment":"Prod_southeastasia_prod-s01-065-apac-southeastasia", "migrationStage":"NotStarted", "server":"akswtt00300000w"}}
{"logTime": "0818/121139", "correlationVector":"VX7KXXfQvGvqErs1Xnw0av.2","action":"ProcessGetUpdates", "result":"Done", "context":{"dataType":"Device Info", "deleted":"0", "process_failed_to_decrypt":"0", "process_pending_decryption":"0", "process_success":"1", "total":"1"}}
{"logTime": "0818/121139", "correlationVector":"VX7KXXfQvGvqErs1Xnw0av.3","action":"GetUpdates Response", "result":"Success", "context":Received 1 update(s). cV=VX7KXXfQvGvqErs1Xnw0av.0;server=akswtt00300000w;cloudType=Consumer;environment=Prod_southeastasia_prod-s01-065-apac-southeastasia;migrationStage=NotStarted}
{"logTime": "0818/121146", "correlationVector":"sYkZ/I1hbo/wfyGVJ1Xrpy","action":"Normal GetUpdate request", "result":"", "context":cV=sYkZ/I1hbo/wfyGVJ1Xrpy
Notified types: Device Info}
{"logTime": "0818/121147", "correlationVector":"sYkZ/I1hbo/wfyGVJ1Xrpy.1","action":"SyncServerConnectionManagerRequest", "result":"SYNC_SERVER_OK", "context":{"environment":"Prod_southeastasia_prod-s01-065-apac-southeastasia", "migrationStage":"NotStarted", "server":"akswtt00300000p"}}
{"logTime": "0818/121147", "correlationVector":"sYkZ/I1hbo/wfyGVJ1Xrpy.2","action":"ProcessGetUpdates", "result":"Done", "context":{"dataType":"Device Info", "deleted":"0", "process_failed_to_decrypt":"0", "process_pending_decryption":"0", "process_success":"1", "total":"1"}}
{"logTime": "0818/121147", "correlationVector":"sYkZ/I1hbo/wfyGVJ1Xrpy.3","action":"GetUpdates Response", "result":"Success", "context":Received 1 update(s). cV=sYkZ/I1hbo/wfyGVJ1Xrpy.0;server=akswtt00300000p;cloudType=Consumer;environment=Prod_southeastasia_prod-s01-065-apac-southeastasia;migrationStage=NotStarted}
{"logTime": "0818/121149", "correlationVector":"21DN19xD2XV17hFAIFkTiS","action":"Normal GetUpdate request", "result":"", "context":cV=21DN19xD2XV17hFAIFkTiS
Notified types: Device Info}
{"logTime": "0818/121149", "correlationVector":"21DN19xD2XV17hFAIFkTiS.1","action":"SyncServerConnectionManagerRequest", "result":"SYNC_SERVER_OK", "context":{"environment":"Prod_southeastasia_prod-s01-065-apac-southeastasia", "migrationStage":"NotStarted", "server":"akswtt00300000w"}}
{"logTime": "0818/121149", "correlationVector":"21DN19xD2XV17hFAIFkTiS.2","action":"ProcessGetUpdates", "result":"Done", "context":{"dataType":"Device Info", "deleted":"0", "process_failed_to_decrypt":"0", "process_pending_decryption":"0", "process_success":"1", "total":"1"}}
{"logTime": "0818/121149", "correlationVector":"21DN19xD2XV17hFAIFkTiS.3","action":"GetUpdates Response", "result":"Success", "context":Received 1 update(s). cV=21DN19xD2XV17hFAIFkTiS.0;server=akswtt00300000w;cloudType=Consumer;environment=Prod_southeastasia_prod-s01-065-apac-southeastasia;migrationStage=NotStarted}
{"logTime": "0818/121529", "correlationVector":"TwZJXbXWM5pm8ywI8kJscc.1","action":"SyncServerConnectionManagerRequest", "result":"SYNC_SERVER_OK", "context":{"environment":"Prod_southindia_prod-s01-004-apac-southindia", "migrationStage":"NotStarted", "server":"akswtt10700000r"}}
{"logTime": "0818/121529", "correlationVector":"TwZJXbXWM5pm8ywI8kJscc.2","action":"ProcessGetUpdates", "result":"Done", "context":{"dataType":"Encryption Keys", "deleted":"0", "process_failed_to_decrypt":"0", "process_pending_decryption":"0", "process_success":"1", "total":"1"}}
{"logTime": "0818/121530", "correlationVector":"8tkM45A95tjLHDQgP42D46","action":"SyncServerConnectionManagerRequest", "result":"SYNC_SERVER_OK", "context":{"environment":"", "migrationStage":"", "server":""}}
{"logTime": "0818/121530", "correlationVector":"8tkM45A95tjLHDQgP42D46.0","action":"EncryptionKeysFetcher.DownloadKeys:", "result":"Success", "context":Key count: 5, Last key timestamp: 2026-05-31T03:15:00Z}
{"logTime": "0818/121530", "correlationVector":"8tkM45A95tjLHDQgP42D46.1","action":"EncryptionKeysManager::SetEncryptionKeys:", "result":"Success", "context":Key names[5]:[eGBIA7Zg9eQ7IIER0R7quzp2i+fuRQblsdOzxkhVdrpGzilIXIhrypQmbWVY+zpP5r2qYaKbmS+UuzBgPO5FcA==][FfyKHldgCW2dfaHDhed1cFbPmfQLch4floe5/sYr5MHY3Tmk1oUpCPATt/1rS1HIvOt/7fWobGHN0v4/wYhddg==][DqJ4dOHEFjgN0GfwO2/L9SdIeMtBZR7JR01RXSHiGr318jjn5UCQ+cYJW9JxUF2/YOALEMexbduUGFOixqB/+A==][7/P+je6FJPyhHOPQDPsNrFaoH4AXhCArRwFCsVk4pcWpxdXZ5TnwK+O6jiGBGdBm7nKLzHkqVDSkyn3xYCpmow==][5JZVM+7XkaVxpiukVvZCP+G3B1y2si3XKCvrXAq6/OLANIXQaXnvAArY9cOyjohSbnCgpBccvy2dw9xLFnyETQ==]}
{"logTime": "0818/121530", "correlationVector":"8tkM45A95tjLHDQgP42D46.2","action":"EncryptionKeysManager::SetEncryptionKeysWithTimestamps:", "result":"Success", "context":Key timestamps[5]:[2022-12-11T02:55:28Z][2023-06-10T14:47:18Z][2024-04-22T23:59:54Z][2025-12-01T17:14:42Z][2026-05-31T03:15:00Z]}
{"logTime": "0818/121530", "correlationVector":"TwZJXbXWM5pm8ywI8kJscc","action":"Initial GetUpdates", "result":"", "context":Reason: NEW_CLIENT. cV=TwZJXbXWM5pm8ywI8kJscc}
{"logTime": "0818/121530", "correlationVector":"TwZJXbXWM5pm8ywI8kJscc.3","action":"GetUpdates Response", "result":"Success", "context":Received 1 update(s). cV=TwZJXbXWM5pm8ywI8kJscc.0;server=akswtt10700000r;cloudType=Consumer;environment=Prod_southindia_prod-s01-004-apac-southindia;migrationStage=NotStarted}
{"logTime": "0818/121530", "correlationVector":"/ylfIRGl20/Mm8kgj3/Sbf","action":"Initial GetUpdates", "result":"", "context":Reason: NEWLY_SUPPORTED_DATATYPE. cV=/ylfIRGl20/Mm8kgj3/Sbf}
{"logTime": "0818/121531", "correlationVector":"/ylfIRGl20/Mm8kgj3/Sbf.1","action":"SyncServerConnectionManagerRequest", "result":"SYNC_SERVER_OK", "context":{"environment":"Prod_southeastasia_prod-s01-064-apac-southeastasia", "migrationStage":"NotStarted", "server":"akswtt00300000n"}}
{"logTime": "0818/121531", "correlationVector":"/ylfIRGl20/Mm8kgj3/Sbf.2","action":"ProcessGetUpdates", "result":"Done", "context":{"dataType":"Passwords", "deleted":"0", "process_failed_to_decrypt":"0", "process_pending_decryption":"0", "process_success":"26", "total":"26"}}
{"logTime": "0818/121531", "correlationVector":"/ylfIRGl20/Mm8kgj3/Sbf.3","action":"GetUpdates Response", "result":"Success", "context":Received 26 update(s). cV=/ylfIRGl20/Mm8kgj3/Sbf.0;server=akswtt00300000n;cloudType=Consumer;environment=Prod_southeastasia_prod-s01-064-apac-southeastasia;migrationStage=NotStarted}
{"logTime": "0818/121531", "correlationVector":"r/+nDiWYALHpi5/GhtGzZE","action":"Normal GetUpdate request", "result":"", "context":cV=r/+nDiWYALHpi5/GhtGzZE
Nudged types: Sessions, History
Refresh requested types: Bookmarks, Preferences, Passwords, Autofill Profiles, Autofill, Extensions, Sessions, Extension settings, History Delete Directives, Device Info, User Consents, Send Tab To Self, Web Apps, History, Saved Tab Group, WebAuthn Credentials, Edge E Drop, Edge Hub App Usage, Edge Workspace, Encryption Keys}
{"logTime": "0818/121531", "correlationVector":"r/+nDiWYALHpi5/GhtGzZE.1","action":"SyncServerConnectionManagerRequest", "result":"SYNC_SERVER_OK", "context":{"environment":"Prod_southeastasia_prod-s01-064-apac-southeastasia", "migrationStage":"NotStarted", "server":"akswtt00300000q"}}
{"logTime": "0818/121531", "correlationVector":"r/+nDiWYALHpi5/GhtGzZE.2","action":"ProcessGetUpdates", "result":"Done", "context":{"dataType":"History", "deleted":"0", "process_failed_to_decrypt":"0", "process_pending_decryption":"0", "process_success":"1", "total":"1"}}
{"logTime": "0818/121531", "correlationVector":"r/+nDiWYALHpi5/GhtGzZE.3","action":"GetUpdates Response", "result":"Success", "context":Received 1 update(s). cV=r/+nDiWYALHpi5/GhtGzZE.0;server=akswtt00300000q;cloudType=Consumer;environment=Prod_southeastasia_prod-s01-064-apac-southeastasia;migrationStage=NotStarted}
{"logTime": "0818/121531", "correlationVector":"LD3OlGedTF9+PoxsJAjW8S","action":"Commit Request", "result":"", "context":Item count: 7
Contributing types: Sessions, History}
{"logTime": "0818/121532", "correlationVector":"LD3OlGedTF9+PoxsJAjW8S.1","action":"SyncServerConnectionManagerRequest", "result":"SYNC_SERVER_OK", "context":{"environment":"Prod_southeastasia_prod-s01-064-apac-southeastasia", "migrationStage":"NotStarted", "server":"akswtt00300000x"}}
{"logTime": "0818/121532", "correlationVector":"LD3OlGedTF9+PoxsJAjW8S.2","action":"Commit Response", "result":"Success", "context":Result: Success. cV=LD3OlGedTF9+PoxsJAjW8S.0;server=akswtt00300000x;cloudType=Consumer;environment=Prod_southeastasia_prod-s01-064-apac-southeastasia;migrationStage=NotStarted}
{"logTime": "0818/121540", "correlationVector":"mS7e1lxzl2bIUGRCe54iHG","action":"Commit Request", "result":"", "context":Item count: 5
Contributing types: Preferences, Sessions, History}
{"logTime": "0818/121541", "correlationVector":"mS7e1lxzl2bIUGRCe54iHG.1","action":"SyncServerConnectionManagerRequest", "result":"SYNC_SERVER_OK", "context":{"environment":"Prod_southeastasia_prod-s01-064-apac-southeastasia", "migrationStage":"NotStarted", "server":"akswtt00300001i"}}
{"logTime": "0818/121541", "correlationVector":"mS7e1lxzl2bIUGRCe54iHG.2","action":"Commit Response", "result":"Success", "context":Result: Success. cV=mS7e1lxzl2bIUGRCe54iHG.0;server=akswtt00300001i;cloudType=Consumer;environment=Prod_southeastasia_prod-s01-064-apac-southeastasia;migrationStage=NotStarted}
{"logTime": "0818/121541", "correlationVector":"mS7e1lxzl2bIUGRCe54iHG.3","action":"Commit.Sessions", "result":"Success", "context":{"id":"736af0d7-c457-4628-911f-b82d05c42f91", "isDeleted":"true", "size":"0", "version":"1787055331943"}}
{"logTime": "0818/121621", "correlationVector":"gnMj0zTBCLKtK1lY7QPpwY","action":"Commit Request", "result":"", "context":Item count: 2
Contributing types: Sessions, History}
{"logTime": "0818/121621", "correlationVector":"gnMj0zTBCLKtK1lY7QPpwY.1","action":"SyncServerConnectionManagerRequest", "result":"SYNC_SERVER_OK", "context":{"environment":"Prod_southeastasia_prod-s01-064-apac-southeastasia", "migrationStage":"NotStarted", "server":"akswtt00300000o"}}
{"logTime": "0818/121621", "correlationVector":"gnMj0zTBCLKtK1lY7QPpwY.2","action":"Commit Response", "result":"Success", "context":Result: Success. cV=gnMj0zTBCLKtK1lY7QPpwY.0;server=akswtt00300000o;cloudType=Consumer;environment=Prod_southeastasia_prod-s01-064-apac-southeastasia;migrationStage=NotStarted}
{"logTime": "0819/000706", "correlationVector":"L03Ic+oGYAWeILxRxcgbEb.1","action":"SyncServerConnectionManagerRequest", "result":"SYNC_SERVER_OK", "context":{"environment":"Prod_southindia_prod-s01-004-apac-southindia", "migrationStage":"NotStarted", "server":"akswtt10700001w"}}
{"logTime": "0819/000706", "correlationVector":"L03Ic+oGYAWeILxRxcgbEb.2","action":"ProcessGetUpdates", "result":"Done", "context":{"dataType":"Encryption Keys", "deleted":"0", "process_failed_to_decrypt":"0", "process_pending_decryption":"0", "process_success":"1", "total":"1"}}
{"logTime": "0819/000707", "correlationVector":"4NRsjAOlEmtr6/KwzsesQe","action":"SyncServerConnectionManagerRequest", "result":"SYNC_SERVER_OK", "context":{"environment":"", "migrationStage":"", "server":""}}
{"logTime": "0819/000707", "correlationVector":"4NRsjAOlEmtr6/KwzsesQe.0","action":"EncryptionKeysFetcher.DownloadKeys:", "result":"Success", "context":Key count: 5, Last key timestamp: 2026-05-31T03:15:00Z}
{"logTime": "0819/000707", "correlationVector":"4NRsjAOlEmtr6/KwzsesQe.1","action":"EncryptionKeysManager::SetEncryptionKeys:", "result":"Success", "context":Key names[5]:[eGBIA7Zg9eQ7IIER0R7quzp2i+fuRQblsdOzxkhVdrpGzilIXIhrypQmbWVY+zpP5r2qYaKbmS+UuzBgPO5FcA==][FfyKHldgCW2dfaHDhed1cFbPmfQLch4floe5/sYr5MHY3Tmk1oUpCPATt/1rS1HIvOt/7fWobGHN0v4/wYhddg==][DqJ4dOHEFjgN0GfwO2/L9SdIeMtBZR7JR01RXSHiGr318jjn5UCQ+cYJW9JxUF2/YOALEMexbduUGFOixqB/+A==][7/P+je6FJPyhHOPQDPsNrFaoH4AXhCArRwFCsVk4pcWpxdXZ5TnwK+O6jiGBGdBm7nKLzHkqVDSkyn3xYCpmow==][5JZVM+7XkaVxpiukVvZCP+G3B1y2si3XKCvrXAq6/OLANIXQaXnvAArY9cOyjohSbnCgpBccvy2dw9xLFnyETQ==]}
{"logTime": "0819/000707", "correlationVector":"4NRsjAOlEmtr6/KwzsesQe.2","action":"EncryptionKeysManager::SetEncryptionKeysWithTimestamps:", "result":"Success", "context":Key timestamps[5]:[2022-12-11T02:55:28Z][2023-06-10T14:47:18Z][2024-04-22T23:59:54Z][2025-12-01T17:14:42Z][2026-05-31T03:15:00Z]}
{"logTime": "0819/000707", "correlationVector":"L03Ic+oGYAWeILxRxcgbEb","action":"Initial GetUpdates", "result":"", "context":Reason: NEW_CLIENT. cV=L03Ic+oGYAWeILxRxcgbEb}
{"logTime": "0819/000707", "correlationVector":"L03Ic+oGYAWeILxRxcgbEb.3","action":"GetUpdates Response", "result":"Success", "context":Received 1 update(s). cV=L03Ic+oGYAWeILxRxcgbEb.0;server=akswtt10700001w;cloudType=Consumer;environment=Prod_southindia_prod-s01-004-apac-southindia;migrationStage=NotStarted}
{"logTime": "0819/000707", "correlationVector":"wySbG6HJphj+N0t0gD9BT5","action":"Initial GetUpdates", "result":"", "context":Reason: NEWLY_SUPPORTED_DATATYPE. cV=wySbG6HJphj+N0t0gD9BT5}
{"logTime": "0819/000707", "correlationVector":"wySbG6HJphj+N0t0gD9BT5.1","action":"SyncServerConnectionManagerRequest", "result":"SYNC_SERVER_OK", "context":{"environment":"Prod_southindia_prod-s01-004-apac-southindia", "migrationStage":"NotStarted", "server":"akswtt10700000u"}}
{"logTime": "0819/000707", "correlationVector":"wySbG6HJphj+N0t0gD9BT5.2","action":"ProcessGetUpdates", "result":"Done", "context":{"dataType":"Passwords", "deleted":"0", "process_failed_to_decrypt":"0", "process_pending_decryption":"0", "process_success":"26", "total":"26"}}
{"logTime": "0819/000707", "correlationVector":"wySbG6HJphj+N0t0gD9BT5.3","action":"ProcessGetUpdates", "result":"Done", "context":{"dataType":"Device Info", "deleted":"0", "process_failed_to_decrypt":"0", "process_pending_decryption":"0", "process_success":"9", "total":"9"}}
{"logTime": "0819/000707", "correlationVector":"wySbG6HJphj+N0t0gD9BT5.4","action":"GetUpdates Response", "result":"Success", "context":Received 35 update(s). cV=wySbG6HJphj+N0t0gD9BT5.0;server=akswtt10700000u;cloudType=Consumer;environment=Prod_southindia_prod-s01-004-apac-southindia;migrationStage=NotStarted}
{"logTime": "0819/000707", "correlationVector":"9FFP6qL4jVSWYRf/LADXLm","action":"Initial GetUpdates", "result":"", "context":Reason: NEWLY_SUPPORTED_DATATYPE. cV=9FFP6qL4jVSWYRf/LADXLm}
{"logTime": "0819/000708", "correlationVector":"9FFP6qL4jVSWYRf/LADXLm.1","action":"SyncServerConnectionManagerRequest", "result":"SYNC_SERVER_OK", "context":{"environment":"Prod_southindia_prod-s01-004-apac-southindia", "migrationStage":"NotStarted", "server":"akswtt10700001w"}}
{"logTime": "0819/000708", "correlationVector":"9FFP6qL4jVSWYRf/LADXLm.2","action":"ProcessGetUpdates", "result":"Done", "context":{"dataType":"Bookmarks", "deleted":"0", "process_failed_to_decrypt":"0", "process_pending_decryption":"0", "process_success":"61", "total":"61"}}
{"logTime": "0819/000708", "correlationVector":"9FFP6qL4jVSWYRf/LADXLm.3","action":"ProcessGetUpdates", "result":"Done", "context":{"dataType":"Preferences", "deleted":"0", "process_failed_to_decrypt":"0", "process_pending_decryption":"0", "process_success":"57", "total":"57"}}
{"logTime": "0819/000708", "correlationVector":"9FFP6qL4jVSWYRf/LADXLm.4","action":"ProcessGetUpdates", "result":"Done", "context":{"dataType":"Autofill", "deleted":"0", "process_failed_to_decrypt":"0", "process_pending_decryption":"0", "process_success":"74", "total":"74"}}
{"logTime": "0819/000708", "correlationVector":"9FFP6qL4jVSWYRf/LADXLm.5","action":"ProcessGetUpdates", "result":"Done", "context":{"dataType":"Sessions", "deleted":"50", "process_failed_to_decrypt":"0", "process_pending_decryption":"0", "process_success":"50", "total":"50"}}
{"logTime": "0819/000708", "correlationVector":"9FFP6qL4jVSWYRf/LADXLm.6","action":"ProcessGetUpdates", "result":"Done", "context":{"dataType":"Saved Tab Group", "deleted":"1", "process_failed_to_decrypt":"0", "process_pending_decryption":"0", "process_success":"1", "total":"1"}}
{"logTime": "0819/000708", "correlationVector":"9FFP6qL4jVSWYRf/LADXLm.7","action":"ProcessGetUpdates", "result":"Done", "context":{"dataType":"Edge Hub App Usage", "deleted":"3", "process_failed_to_decrypt":"0", "process_pending_decryption":"0", "process_success":"7", "total":"7"}}
{"logTime": "0819/000708", "correlationVector":"9FFP6qL4jVSWYRf/LADXLm.8","action":"GetUpdates Response", "result":"Success", "context":Received 250 update(s). cV=9FFP6qL4jVSWYRf/LADXLm.0;server=akswtt10700001w;cloudType=Consumer;environment=Prod_southindia_prod-s01-004-apac-southindia;migrationStage=NotStarted Some updates remain.}
{"logTime": "0819/000708", "correlationVector":"ea8+9Rj6Xh3jZypgr7IVNa","action":"Initial GetUpdates", "result":"", "context":Reason: NEWLY_SUPPORTED_DATATYPE. cV=ea8+9Rj6Xh3jZypgr7IVNa}
{"logTime": "0819/000709", "correlationVector":"ea8+9Rj6Xh3jZypgr7IVNa.1","action":"SyncServerConnectionManagerRequest", "result":"SYNC_SERVER_OK", "context":{"environment":"Prod_southindia_prod-s01-004-apac-southindia", "migrationStage":"NotStarted", "server":"akswtt10700002x"}}
{"logTime": "0819/000709", "correlationVector":"ea8+9Rj6Xh3jZypgr7IVNa.2","action":"ProcessGetUpdates", "result":"Done", "context":{"dataType":"Bookmarks", "deleted":"1", "process_failed_to_decrypt":"0", "process_pending_decryption":"0", "process_success":"4", "total":"4"}}
{"logTime": "0819/000709", "correlationVector":"ea8+9Rj6Xh3jZypgr7IVNa.3","action":"ProcessGetUpdates", "result":"Done", "context":{"dataType":"Preferences", "deleted":"0", "process_failed_to_decrypt":"0", "process_pending_decryption":"0", "process_success":"3", "total":"3"}}
{"logTime": "0819/000709", "correlationVector":"ea8+9Rj6Xh3jZypgr7IVNa.4","action":"ProcessGetUpdates", "result":"Done", "context":{"dataType":"Autofill", "deleted":"0", "process_failed_to_decrypt":"0", "process_pending_decryption":"0", "process_success":"70", "total":"70"}}
{"logTime": "0819/000709", "correlationVector":"ea8+9Rj6Xh3jZypgr7IVNa.5","action":"ProcessGetUpdates", "result":"Done", "context":{"dataType":"Sessions", "deleted":"157", "process_failed_to_decrypt":"0", "process_pending_decryption":"0", "process_success":"157", "total":"157"}}
{"logTime": "0819/000709", "correlationVector":"ea8+9Rj6Xh3jZypgr7IVNa.6","action":"ProcessGetUpdates", "result":"Done", "context":{"dataType":"Saved Tab Group", "deleted":"2", "process_failed_to_decrypt":"0", "process_pending_decryption":"0", "process_success":"2", "total":"2"}}
{"logTime": "0819/000709", "correlationVector":"ea8+9Rj6Xh3jZypgr7IVNa.7","action":"ProcessGetUpdates", "result":"Done", "context":{"dataType":"Edge Hub App Usage", "deleted":"5", "process_failed_to_decrypt":"0", "process_pending_decryption":"0", "process_success":"14", "total":"14"}}
{"logTime": "0819/000709", "correlationVector":"ea8+9Rj6Xh3jZypgr7IVNa.8","action":"GetUpdates Response", "result":"Success", "context":Received 250 update(s). cV=ea8+9Rj6Xh3jZypgr7IVNa.0;server=akswtt10700002x;cloudType=Consumer;environment=Prod_southindia_prod-s01-004-apac-southindia;migrationStage=NotStarted Some updates remain.}
{"logTime": "0819/000709", "correlationVector":"6H9fR4+6riA7kfRxlhIkpN","action":"Initial GetUpdates", "result":"", "context":Reason: NEWLY_SUPPORTED_DATATYPE. cV=6H9fR4+6riA7kfRxlhIkpN}
{"logTime": "0819/000709", "correlationVector":"6H9fR4+6riA7kfRxlhIkpN.1","action":"SyncServerConnectionManagerRequest", "result":"SYNC_SERVER_OK", "context":{"environment":"Prod_southindia_prod-s01-004-apac-southindia", "migrationStage":"NotStarted", "server":"akswtt10700000r"}}
{"logTime": "0819/000709", "correlationVector":"6H9fR4+6riA7kfRxlhIkpN.2","action":"ProcessGetUpdates", "result":"Done", "context":{"dataType":"Bookmarks", "deleted":"1", "process_failed_to_decrypt":"0", "process_pending_decryption":"0", "process_success":"4", "total":"4"}}
{"logTime": "0819/000709", "correlationVector":"6H9fR4+6riA7kfRxlhIkpN.3","action":"ProcessGetUpdates", "result":"Done", "context":{"dataType":"Preferences", "deleted":"0", "process_failed_to_decrypt":"0", "process_pending_decryption":"0", "process_success":"5", "total":"5"}}
{"logTime": "0819/000709", "correlationVector":"6H9fR4+6riA7kfRxlhIkpN.4","action":"ProcessGetUpdates", "result":"Done", "context":{"dataType":"Autofill Profiles", "deleted":"0", "process_failed_to_decrypt":"0", "process_pending_decryption":"0", "process_success":"1", "total":"1"}}
{"logTime": "0819/000709", "correlationVector":"6H9fR4+6riA7kfRxlhIkpN.5","action":"ProcessGetUpdates", "result":"Done", "context":{"dataType":"Autofill", "deleted":"0", "process_failed_to_decrypt":"0", "process_pending_decryption":"0", "process_success":"1", "total":"1"}}
{"logTime": "0819/000709", "correlationVector":"6H9fR4+6riA7kfRxlhIkpN.6","action":"ProcessGetUpdates", "result":"Done", "context":{"dataType":"Sessions", "deleted":"173", "process_failed_to_decrypt":"0", "process_pending_decryption":"0", "process_success":"178", "total":"178"}}
{"logTime": "0819/000709", "correlationVector":"6H9fR4+6riA7kfRxlhIkpN.7","action":"ProcessGetUpdates", "result":"Done", "context":{"dataType":"Edge Hub App Usage", "deleted":"10", "process_failed_to_decrypt":"0", "process_pending_decryption":"0", "process_success":"13", "total":"13"}}
{"logTime": "0819/000709", "correlationVector":"6H9fR4+6riA7kfRxlhIkpN.8","action":"ProcessGetUpdates", "result":"Done", "context":{"dataType":"Edge Workspace", "deleted":"3", "process_failed_to_decrypt":"0", "process_pending_decryption":"0", "process_success":"3", "total":"3"}}
{"logTime": "0819/000709", "correlationVector":"6H9fR4+6riA7kfRxlhIkpN.9","action":"GetUpdates Response", "result":"Success", "context":Received 205 update(s). cV=6H9fR4+6riA7kfRxlhIkpN.0;server=akswtt10700000r;cloudType=Consumer;environment=Prod_southindia_prod-s01-004-apac-southindia;migrationStage=NotStarted}
{"logTime": "0819/000709", "correlationVector":"gnFZIk8Ruva596JsGJPkXm","action":"Initial GetUpdates", "result":"", "context":Reason: NEWLY_SUPPORTED_DATATYPE. cV=gnFZIk8Ruva596JsGJPkXm}
{"logTime": "0819/000710", "correlationVector":"gnFZIk8Ruva596JsGJPkXm.1","action":"SyncServerConnectionManagerRequest", "result":"SYNC_SERVER_OK", "context":{"environment":"Prod_southindia_prod-s01-004-apac-southindia", "migrationStage":"NotStarted", "server":"akswtt10700000u"}}
{"logTime": "0819/000710", "correlationVector":"gnFZIk8Ruva596JsGJPkXm.2","action":"ProcessGetUpdates", "result":"Done", "context":{"dataType":"History", "deleted":"0", "process_failed_to_decrypt":"0", "process_pending_decryption":"0", "process_success":"250", "total":"250"}}
{"logTime": "0819/000710", "correlationVector":"gnFZIk8Ruva596JsGJPkXm.3","action":"GetUpdates Response", "result":"Success", "context":Received 250 update(s). cV=gnFZIk8Ruva596JsGJPkXm.0;server=akswtt10700000u;cloudType=Consumer;environment=Prod_southindia_prod-s01-004-apac-southindia;migrationStage=NotStarted Some updates remain.}
{"logTime": "0819/000710", "correlationVector":"q+YDZYBVyV6M+PEatBHD+t","action":"Initial GetUpdates", "result":"", "context":Reason: NEWLY_SUPPORTED_DATATYPE. cV=q+YDZYBVyV6M+PEatBHD+t}
{"logTime": "0819/000710", "correlationVector":"q+YDZYBVyV6M+PEatBHD+t.1","action":"SyncServerConnectionManagerRequest", "result":"SYNC_SERVER_OK", "context":{"environment":"Prod_southindia_prod-s01-004-apac-southindia", "migrationStage":"NotStarted", "server":"akswtt10700001w"}}
{"logTime": "0819/000710", "correlationVector":"q+YDZYBVyV6M+PEatBHD+t.2","action":"ProcessGetUpdates", "result":"Done", "context":{"dataType":"History", "deleted":"0", "process_failed_to_decrypt":"0", "process_pending_decryption":"0", "process_success":"100", "total":"100"}}
{"logTime": "0819/000710", "correlationVector":"q+YDZYBVyV6M+PEatBHD+t.3","action":"GetUpdates Response", "result":"Success", "context":Received 100 update(s). cV=q+YDZYBVyV6M+PEatBHD+t.0;server=akswtt10700001w;cloudType=Consumer;environment=Prod_southindia_prod-s01-004-apac-southindia;migrationStage=NotStarted}
{"logTime": "0819/000710", "correlationVector":"9QurxmTRAqjsznbofO7UqA","action":"Normal GetUpdate request", "result":"", "context":cV=9QurxmTRAqjsznbofO7UqA
Nudged types: Sessions, Device Info
Refresh requested types: Bookmarks, Preferences, Passwords, Autofill Profiles, Autofill, Extensions, Sessions, Extension settings, History Delete Directives, Device Info, User Consents, Send Tab To Self, Web Apps, History, Saved Tab Group, WebAuthn Credentials, Edge E Drop, Edge Hub App Usage, Edge Workspace, Encryption Keys}
{"logTime": "0819/000711", "correlationVector":"9QurxmTRAqjsznbofO7UqA.1","action":"SyncServerConnectionManagerRequest", "result":"SYNC_SERVER_OK", "context":{"environment":"Prod_southindia_prod-s01-004-apac-southindia", "migrationStage":"NotStarted", "server":"akswtt10700000t"}}
{"logTime": "0819/000711", "correlationVector":"9QurxmTRAqjsznbofO7UqA.2","action":"GetUpdates Response", "result":"Success", "context":Received 0 update(s). cV=9QurxmTRAqjsznbofO7UqA.0;server=akswtt10700000t;cloudType=Consumer;environment=Prod_southindia_prod-s01-004-apac-southindia;migrationStage=NotStarted}
{"logTime": "0819/000711", "correlationVector":"3wz+2qLtC1yHuZjqh980kD","action":"Commit Request", "result":"", "context":Item count: 3
Contributing types: Sessions, Device Info}
{"logTime": "0819/000712", "correlationVector":"3wz+2qLtC1yHuZjqh980kD.1","action":"SyncServerConnectionManagerRequest", "result":"SYNC_SERVER_OK", "context":{"environment":"Prod_southindia_prod-s01-004-apac-southindia", "migrationStage":"NotStarted", "server":"akswtt107000031"}}
{"logTime": "0819/000712", "correlationVector":"3wz+2qLtC1yHuZjqh980kD.2","action":"Commit Response", "result":"Success", "context":Result: Success. cV=3wz+2qLtC1yHuZjqh980kD.0;server=akswtt107000031;cloudType=Consumer;environment=Prod_southindia_prod-s01-004-apac-southindia;migrationStage=NotStarted}
{"logTime": "0819/000712", "correlationVector":"1NZJOLXGGesFuE6rcWFzr8","action":"Poll GetUpdate request", "result":"", "context":cV=1NZJOLXGGesFuE6rcWFzr8}
{"logTime": "0819/000712", "correlationVector":"1NZJOLXGGesFuE6rcWFzr8.1","action":"SyncServerConnectionManagerRequest", "result":"SYNC_SERVER_OK", "context":{"environment":"Prod_southindia_prod-s01-004-apac-southindia", "migrationStage":"NotStarted", "server":"akswtt10700002x"}}
{"logTime": "0819/000712", "correlationVector":"1NZJOLXGGesFuE6rcWFzr8.2","action":"ProcessGetUpdates", "result":"Done", "context":{"dataType":"Sessions", "deleted":"0", "process_failed_to_decrypt":"0", "process_pending_decryption":"0", "process_success":"2", "total":"2"}}
{"logTime": "0819/000712", "correlationVector":"1NZJOLXGGesFuE6rcWFzr8.3","action":"ProcessGetUpdates", "result":"Done", "context":{"dataType":"Device Info", "deleted":"0", "process_failed_to_decrypt":"0", "process_pending_decryption":"0", "process_success":"1", "total":"1"}}
{"logTime": "0819/000712", "correlationVector":"1NZJOLXGGesFuE6rcWFzr8.4","action":"GetUpdates Response", "result":"Success", "context":Received 3 update(s). cV=1NZJOLXGGesFuE6rcWFzr8.0;server=akswtt10700002x;cloudType=Consumer;environment=Prod_southindia_prod-s01-004-apac-southindia;migrationStage=NotStarted}
{"logTime": "0819/000736", "correlationVector":"vYh0dx72svvykltbseneIi","action":"Commit Request", "result":"", "context":Item count: 4
Contributing types: Preferences, Sessions, History}
{"logTime": "0819/000737", "correlationVector":"vYh0dx72svvykltbseneIi.1","action":"SyncServerConnectionManagerRequest", "result":"SYNC_SERVER_OK", "context":{"environment":"Prod_southindia_prod-s01-004-apac-southindia", "migrationStage":"NotStarted", "server":"akswtt10700000p"}}
{"logTime": "0819/000737", "correlationVector":"vYh0dx72svvykltbseneIi.2","action":"Commit Response", "result":"Success", "context":Result: Success. cV=vYh0dx72svvykltbseneIi.0;server=akswtt10700000p;cloudType=Consumer;environment=Prod_southindia_prod-s01-004-apac-southindia;migrationStage=NotStarted}
{"logTime": "0819/000850", "correlationVector":"sPCGA59wMLm8oMBboEGALu","action":"Commit Request", "result":"", "context":Item count: 2
Contributing types: Sessions, History}
{"logTime": "0819/000851", "correlationVector":"sPCGA59wMLm8oMBboEGALu.1","action":"SyncServerConnectionManagerRequest", "result":"SYNC_SERVER_OK", "context":{"environment":"Prod_southindia_prod-s01-004-apac-southindia", "migrationStage":"NotStarted", "server":"akswtt10700002x"}}
{"logTime": "0819/000851", "correlationVector":"sPCGA59wMLm8oMBboEGALu.2","action":"Commit Response", "result":"Success", "context":Result: Success. cV=sPCGA59wMLm8oMBboEGALu.0;server=akswtt10700002x;cloudType=Consumer;environment=Prod_southindia_prod-s01-004-apac-southindia;migrationStage=NotStarted}
{"logTime": "0819/005331", "correlationVector":"xr6nTMDVOITLNJLH41f3ZL.1","action":"SyncServerConnectionManagerRequest", "result":"SYNC_SERVER_OK", "context":{"environment":"Prod_southindia_prod-s01-004-apac-southindia", "migrationStage":"NotStarted", "server":"akswtt107000014"}}
{"logTime": "0819/005331", "correlationVector":"xr6nTMDVOITLNJLH41f3ZL.2","action":"ProcessGetUpdates", "result":"Done", "context":{"dataType":"Encryption Keys", "deleted":"0", "process_failed_to_decrypt":"0", "process_pending_decryption":"0", "process_success":"1", "total":"1"}}
{"logTime": "0819/005332", "correlationVector":"ND2G61tzduUhAkkTNcf09i","action":"SyncServerConnectionManagerRequest", "result":"SYNC_SERVER_OK", "context":{"environment":"", "migrationStage":"", "server":""}}
{"logTime": "0819/005332", "correlationVector":"ND2G61tzduUhAkkTNcf09i.0","action":"EncryptionKeysFetcher.DownloadKeys:", "result":"Success", "context":Key count: 5, Last key timestamp: 2026-05-31T03:15:00Z}
{"logTime": "0819/005332", "correlationVector":"ND2G61tzduUhAkkTNcf09i.1","action":"EncryptionKeysManager::SetEncryptionKeys:", "result":"Success", "context":Key names[5]:[eGBIA7Zg9eQ7IIER0R7quzp2i+fuRQblsdOzxkhVdrpGzilIXIhrypQmbWVY+zpP5r2qYaKbmS+UuzBgPO5FcA==][FfyKHldgCW2dfaHDhed1cFbPmfQLch4floe5/sYr5MHY3Tmk1oUpCPATt/1rS1HIvOt/7fWobGHN0v4/wYhddg==][DqJ4dOHEFjgN0GfwO2/L9SdIeMtBZR7JR01RXSHiGr318jjn5UCQ+cYJW9JxUF2/YOALEMexbduUGFOixqB/+A==][7/P+je6FJPyhHOPQDPsNrFaoH4AXhCArRwFCsVk4pcWpxdXZ5TnwK+O6jiGBGdBm7nKLzHkqVDSkyn3xYCpmow==][5JZVM+7XkaVxpiukVvZCP+G3B1y2si3XKCvrXAq6/OLANIXQaXnvAArY9cOyjohSbnCgpBccvy2dw9xLFnyETQ==]}
{"logTime": "0819/005332", "correlationVector":"ND2G61tzduUhAkkTNcf09i.2","action":"EncryptionKeysManager::SetEncryptionKeysWithTimestamps:", "result":"Success", "context":Key timestamps[5]:[2022-12-11T02:55:28Z][2023-06-10T14:47:18Z][2024-04-22T23:59:54Z][2025-12-01T17:14:42Z][2026-05-31T03:15:00Z]}
{"logTime": "0819/005332", "correlationVector":"xr6nTMDVOITLNJLH41f3ZL","action":"Initial GetUpdates", "result":"", "context":Reason: NEW_CLIENT. cV=xr6nTMDVOITLNJLH41f3ZL}
{"logTime": "0819/005332", "correlationVector":"xr6nTMDVOITLNJLH41f3ZL.3","action":"GetUpdates Response", "result":"Success", "context":Received 1 update(s). cV=xr6nTMDVOITLNJLH41f3ZL.0;server=akswtt107000014;cloudType=Consumer;environment=Prod_southindia_prod-s01-004-apac-southindia;migrationStage=NotStarted}
{"logTime": "0819/005332", "correlationVector":"gKFzbrzb6LTsbjqlSy1yzv","action":"Initial GetUpdates", "result":"", "context":Reason: NEWLY_SUPPORTED_DATATYPE. cV=gKFzbrzb6LTsbjqlSy1yzv}
{"logTime": "0819/005332", "correlationVector":"gKFzbrzb6LTsbjqlSy1yzv.1","action":"SyncServerConnectionManagerRequest", "result":"SYNC_SERVER_OK", "context":{"environment":"Prod_southindia_prod-s01-004-apac-southindia", "migrationStage":"NotStarted", "server":"akswtt107000010"}}
{"logTime": "0819/005332", "correlationVector":"gKFzbrzb6LTsbjqlSy1yzv.2","action":"ProcessGetUpdates", "result":"Done", "context":{"dataType":"Passwords", "deleted":"0", "process_failed_to_decrypt":"0", "process_pending_decryption":"0", "process_success":"26", "total":"26"}}
{"logTime": "0819/005332", "correlationVector":"gKFzbrzb6LTsbjqlSy1yzv.3","action":"GetUpdates Response", "result":"Success", "context":Received 26 update(s). cV=gKFzbrzb6LTsbjqlSy1yzv.0;server=akswtt107000010;cloudType=Consumer;environment=Prod_southindia_prod-s01-004-apac-southindia;migrationStage=NotStarted}
{"logTime": "0819/005332", "correlationVector":"8/JpTPIXCHztneXeiDb0QT","action":"Normal GetUpdate request", "result":"", "context":cV=8/JpTPIXCHztneXeiDb0QT
Nudged types: Sessions, History
Refresh requested types: Bookmarks, Preferences, Passwords, Autofill Profiles, Autofill, Extensions, Sessions, Extension settings, History Delete Directives, Device Info, User Consents, Send Tab To Self, Web Apps, History, Saved Tab Group, WebAuthn Credentials, Edge E Drop, Edge Hub App Usage, Edge Workspace, Encryption Keys}
{"logTime": "0819/005333", "correlationVector":"8/JpTPIXCHztneXeiDb0QT.1","action":"SyncServerConnectionManagerRequest", "result":"SYNC_SERVER_OK", "context":{"environment":"Prod_southindia_prod-s01-004-apac-southindia", "migrationStage":"NotStarted", "server":"akswtt107000001"}}
{"logTime": "0819/005333", "correlationVector":"8/JpTPIXCHztneXeiDb0QT.2","action":"ProcessGetUpdates", "result":"Done", "context":{"dataType":"Preferences", "deleted":"0", "process_failed_to_decrypt":"0", "process_pending_decryption":"0", "process_success":"2", "total":"2"}}
{"logTime": "0819/005333", "correlationVector":"8/JpTPIXCHztneXeiDb0QT.3","action":"ProcessGetUpdates", "result":"Done", "context":{"dataType":"Sessions", "deleted":"2", "process_failed_to_decrypt":"0", "process_pending_decryption":"0", "process_success":"6", "total":"6"}}
{"logTime": "0819/005333", "correlationVector":"8/JpTPIXCHztneXeiDb0QT.4","action":"ProcessGetUpdates", "result":"Done", "context":{"dataType":"Device Info", "deleted":"0", "process_failed_to_decrypt":"0", "process_pending_decryption":"0", "process_success":"2", "total":"2"}}
{"logTime": "0819/005333", "correlationVector":"8/JpTPIXCHztneXeiDb0QT.5","action":"ProcessGetUpdates", "result":"Done", "context":{"dataType":"History", "deleted":"0", "process_failed_to_decrypt":"0", "process_pending_decryption":"0", "process_success":"13", "total":"13"}}
{"logTime": "0819/005333", "correlationVector":"8/JpTPIXCHztneXeiDb0QT.6","action":"GetUpdates Response", "result":"Success", "context":Received 23 update(s). cV=8/JpTPIXCHztneXeiDb0QT.0;server=akswtt107000001;cloudType=Consumer;environment=Prod_southindia_prod-s01-004-apac-southindia;migrationStage=NotStarted}
{"logTime": "0819/005333", "correlationVector":"0eGtmsxnVNYJhbxkaEqfdU","action":"Commit Request", "result":"", "context":Item count: 1
Contributing types: History}
{"logTime": "0819/005333", "correlationVector":"0eGtmsxnVNYJhbxkaEqfdU.1","action":"SyncServerConnectionManagerRequest", "result":"SYNC_SERVER_OK", "context":{"environment":"Prod_southindia_prod-s01-004-apac-southindia", "migrationStage":"NotStarted", "server":"akswtt107000010"}}
{"logTime": "0819/005333", "correlationVector":"0eGtmsxnVNYJhbxkaEqfdU.2","action":"Commit Response", "result":"Success", "context":Result: Success. cV=0eGtmsxnVNYJhbxkaEqfdU.0;server=akswtt107000010;cloudType=Consumer;environment=Prod_southindia_prod-s01-004-apac-southindia;migrationStage=NotStarted}
{"logTime": "0819/005337", "correlationVector":"DiDqW8rrYupa0RhRWKlb46","action":"Commit Request", "result":"", "context":Item count: 1
Contributing types: Preferences}
{"logTime": "0819/005337", "correlationVector":"DiDqW8rrYupa0RhRWKlb46.1","action":"SyncServerConnectionManagerRequest", "result":"SYNC_SERVER_OK", "context":{"environment":"Prod_southindia_prod-s01-004-apac-southindia", "migrationStage":"NotStarted", "server":"akswtt10700001u"}}
{"logTime": "0819/005337", "correlationVector":"DiDqW8rrYupa0RhRWKlb46.2","action":"Commit Response", "result":"Success", "context":Result: Success. cV=DiDqW8rrYupa0RhRWKlb46.0;server=akswtt10700001u;cloudType=Consumer;environment=Prod_southindia_prod-s01-004-apac-southindia;migrationStage=NotStarted}
{"logTime": "0819/005413", "correlationVector":"paoLhIqIVfxQLGl6T7oyoY","action":"Commit Request", "result":"", "context":Item count: 11
Contributing types: Preferences, Passwords, Sessions, History}
{"logTime": "0819/005416", "correlationVector":"paoLhIqIVfxQLGl6T7oyoY.1","action":"SyncServerConnectionManagerRequest", "result":"SYNC_SERVER_OK", "context":{"environment":"Prod_southindia_prod-s01-004-apac-southindia", "migrationStage":"NotStarted", "server":"akswtt10700001w"}}
{"logTime": "0819/005416", "correlationVector":"paoLhIqIVfxQLGl6T7oyoY.2","action":"Commit Response", "result":"Success", "context":Result: Success. cV=paoLhIqIVfxQLGl6T7oyoY.0;server=akswtt10700001w;cloudType=Consumer;environment=Prod_southindia_prod-s01-004-apac-southindia;migrationStage=NotStarted}
{"logTime": "0819/024020", "correlationVector":"8FVRrKdT5cjqlPTEA4AFvt.1","action":"SyncServerConnectionManagerRequest", "result":"SYNC_SERVER_OK", "context":{"environment":"Prod_southindia_prod-s01-004-apac-southindia", "migrationStage":"NotStarted", "server":"akswtt10700001u"}}
{"logTime": "0819/024020", "correlationVector":"8FVRrKdT5cjqlPTEA4AFvt.2","action":"ProcessGetUpdates", "result":"Done", "context":{"dataType":"Encryption Keys", "deleted":"0", "process_failed_to_decrypt":"0", "process_pending_decryption":"0", "process_success":"1", "total":"1"}}
{"logTime": "0819/024020", "correlationVector":"CajKEXiz5dk7DQ57yBCexP","action":"SyncServerConnectionManagerRequest", "result":"SYNC_SERVER_OK", "context":{"environment":"", "migrationStage":"", "server":""}}
{"logTime": "0819/024020", "correlationVector":"CajKEXiz5dk7DQ57yBCexP.0","action":"EncryptionKeysFetcher.DownloadKeys:", "result":"Success", "context":Key count: 5, Last key timestamp: 2026-05-31T03:15:00Z}
{"logTime": "0819/024020", "correlationVector":"CajKEXiz5dk7DQ57yBCexP.1","action":"EncryptionKeysManager::SetEncryptionKeys:", "result":"Success", "context":Key names[5]:[eGBIA7Zg9eQ7IIER0R7quzp2i+fuRQblsdOzxkhVdrpGzilIXIhrypQmbWVY+zpP5r2qYaKbmS+UuzBgPO5FcA==][FfyKHldgCW2dfaHDhed1cFbPmfQLch4floe5/sYr5MHY3Tmk1oUpCPATt/1rS1HIvOt/7fWobGHN0v4/wYhddg==][DqJ4dOHEFjgN0GfwO2/L9SdIeMtBZR7JR01RXSHiGr318jjn5UCQ+cYJW9JxUF2/YOALEMexbduUGFOixqB/+A==][7/P+je6FJPyhHOPQDPsNrFaoH4AXhCArRwFCsVk4pcWpxdXZ5TnwK+O6jiGBGdBm7nKLzHkqVDSkyn3xYCpmow==][5JZVM+7XkaVxpiukVvZCP+G3B1y2si3XKCvrXAq6/OLANIXQaXnvAArY9cOyjohSbnCgpBccvy2dw9xLFnyETQ==]}
{"logTime": "0819/024020", "correlationVector":"CajKEXiz5dk7DQ57yBCexP.2","action":"EncryptionKeysManager::SetEncryptionKeysWithTimestamps:", "result":"Success", "context":Key timestamps[5]:[2022-12-11T02:55:28Z][2023-06-10T14:47:18Z][2024-04-22T23:59:54Z][2025-12-01T17:14:42Z][2026-05-31T03:15:00Z]}
{"logTime": "0819/024020", "correlationVector":"8FVRrKdT5cjqlPTEA4AFvt","action":"Initial GetUpdates", "result":"", "context":Reason: NEW_CLIENT. cV=8FVRrKdT5cjqlPTEA4AFvt}
{"logTime": "0819/024020", "correlationVector":"8FVRrKdT5cjqlPTEA4AFvt.3","action":"GetUpdates Response", "result":"Success", "context":Received 1 update(s). cV=8FVRrKdT5cjqlPTEA4AFvt.0;server=akswtt10700001u;cloudType=Consumer;environment=Prod_southindia_prod-s01-004-apac-southindia;migrationStage=NotStarted}
{"logTime": "0819/024020", "correlationVector":"AY8pCAKfJHLtlwY+JCymE1","action":"Initial GetUpdates", "result":"", "context":Reason: NEWLY_SUPPORTED_DATATYPE. cV=AY8pCAKfJHLtlwY+JCymE1}
{"logTime": "0819/024021", "correlationVector":"AY8pCAKfJHLtlwY+JCymE1.1","action":"SyncServerConnectionManagerRequest", "result":"SYNC_SERVER_OK", "context":{"environment":"Prod_southindia_prod-s01-004-apac-southindia", "migrationStage":"NotStarted", "server":"akswtt107000012"}}
{"logTime": "0819/024021", "correlationVector":"AY8pCAKfJHLtlwY+JCymE1.2","action":"ProcessGetUpdates", "result":"Done", "context":{"dataType":"Passwords", "deleted":"0", "process_failed_to_decrypt":"0", "process_pending_decryption":"0", "process_success":"27", "total":"27"}}
{"logTime": "0819/024021", "correlationVector":"AY8pCAKfJHLtlwY+JCymE1.3","action":"ProcessGetUpdates", "result":"Done", "context":{"dataType":"Device Info", "deleted":"0", "process_failed_to_decrypt":"0", "process_pending_decryption":"0", "process_success":"9", "total":"9"}}
{"logTime": "0819/024021", "correlationVector":"AY8pCAKfJHLtlwY+JCymE1.4","action":"GetUpdates Response", "result":"Success", "context":Received 36 update(s). cV=AY8pCAKfJHLtlwY+JCymE1.0;server=akswtt107000012;cloudType=Consumer;environment=Prod_southindia_prod-s01-004-apac-southindia;migrationStage=NotStarted}
{"logTime": "0819/024021", "correlationVector":"+cVEPlMf/xRA9A6iy4FO3C","action":"Initial GetUpdates", "result":"", "context":Reason: NEWLY_SUPPORTED_DATATYPE. cV=+cVEPlMf/xRA9A6iy4FO3C}
{"logTime": "0819/024021", "correlationVector":"+cVEPlMf/xRA9A6iy4FO3C.1","action":"SyncServerConnectionManagerRequest", "result":"SYNC_SERVER_OK", "context":{"environment":"Prod_southindia_prod-s01-004-apac-southindia", "migrationStage":"NotStarted", "server":"akswtt107000009"}}
{"logTime": "0819/024021", "correlationVector":"+cVEPlMf/xRA9A6iy4FO3C.2","action":"ProcessGetUpdates", "result":"Done", "context":{"dataType":"Bookmarks", "deleted":"0", "process_failed_to_decrypt":"0", "process_pending_decryption":"0", "process_success":"61", "total":"61"}}
{"logTime": "0819/024021", "correlationVector":"+cVEPlMf/xRA9A6iy4FO3C.3","action":"ProcessGetUpdates", "result":"Done", "context":{"dataType":"Preferences", "deleted":"0", "process_failed_to_decrypt":"0", "process_pending_decryption":"0", "process_success":"57", "total":"57"}}
{"logTime": "0819/024021", "correlationVector":"+cVEPlMf/xRA9A6iy4FO3C.4","action":"ProcessGetUpdates", "result":"Done", "context":{"dataType":"Autofill", "deleted":"0", "process_failed_to_decrypt":"0", "process_pending_decryption":"0", "process_success":"74", "total":"74"}}
{"logTime": "0819/024021", "correlationVector":"+cVEPlMf/xRA9A6iy4FO3C.5","action":"ProcessGetUpdates", "result":"Done", "context":{"dataType":"Sessions", "deleted":"50", "process_failed_to_decrypt":"0", "process_pending_decryption":"0", "process_success":"50", "total":"50"}}
{"logTime": "0819/024021", "correlationVector":"+cVEPlMf/xRA9A6iy4FO3C.6","action":"ProcessGetUpdates", "result":"Done", "context":{"dataType":"Saved Tab Group", "deleted":"1", "process_failed_to_decrypt":"0", "process_pending_decryption":"0", "process_success":"1", "total":"1"}}
{"logTime": "0819/024021", "correlationVector":"+cVEPlMf/xRA9A6iy4FO3C.7","action":"ProcessGetUpdates", "result":"Done", "context":{"dataType":"Edge Hub App Usage", "deleted":"3", "process_failed_to_decrypt":"0", "process_pending_decryption":"0", "process_success":"7", "total":"7"}}
{"logTime": "0819/024021", "correlationVector":"+cVEPlMf/xRA9A6iy4FO3C.8","action":"GetUpdates Response", "result":"Success", "context":Received 250 update(s). cV=+cVEPlMf/xRA9A6iy4FO3C.0;server=akswtt107000009;cloudType=Consumer;environment=Prod_southindia_prod-s01-004-apac-southindia;migrationStage=NotStarted Some updates remain.}
{"logTime": "0819/024021", "correlationVector":"UYgUR+trqPsy35z7K3oAIM","action":"Initial GetUpdates", "result":"", "context":Reason: NEWLY_SUPPORTED_DATATYPE. cV=UYgUR+trqPsy35z7K3oAIM}
{"logTime": "0819/024022", "correlationVector":"UYgUR+trqPsy35z7K3oAIM.1","action":"SyncServerConnectionManagerRequest", "result":"SYNC_SERVER_OK", "context":{"environment":"Prod_southindia_prod-s01-004-apac-southindia", "migrationStage":"NotStarted", "server":"akswtt10700000z"}}
{"logTime": "0819/024022", "correlationVector":"UYgUR+trqPsy35z7K3oAIM.2","action":"ProcessGetUpdates", "result":"Done", "context":{"dataType":"Bookmarks", "deleted":"1", "process_failed_to_decrypt":"0", "process_pending_decryption":"0", "process_success":"4", "total":"4"}}
{"logTime": "0819/024022", "correlationVector":"UYgUR+trqPsy35z7K3oAIM.3","action":"ProcessGetUpdates", "result":"Done", "context":{"dataType":"Preferences", "deleted":"0", "process_failed_to_decrypt":"0", "process_pending_decryption":"0", "process_success":"2", "total":"2"}}
{"logTime": "0819/024022", "correlationVector":"UYgUR+trqPsy35z7K3oAIM.4","action":"ProcessGetUpdates", "result":"Done", "context":{"dataType":"Autofill", "deleted":"0", "process_failed_to_decrypt":"0", "process_pending_decryption":"0", "process_success":"70", "total":"70"}}
{"logTime": "0819/024022", "correlationVector":"UYgUR+trqPsy35z7K3oAIM.5","action":"ProcessGetUpdates", "result":"Done", "context":{"dataType":"Sessions", "deleted":"158", "process_failed_to_decrypt":"0", "process_pending_decryption":"0", "process_success":"158", "total":"158"}}
{"logTime": "0819/024022", "correlationVector":"UYgUR+trqPsy35z7K3oAIM.6","action":"ProcessGetUpdates", "result":"Done", "context":{"dataType":"Saved Tab Group", "deleted":"2", "process_failed_to_decrypt":"0", "process_pending_decryption":"0", "process_success":"2", "total":"2"}}
{"logTime": "0819/024022", "correlationVector":"UYgUR+trqPsy35z7K3oAIM.7","action":"ProcessGetUpdates", "result":"Done", "context":{"dataType":"Edge Hub App Usage", "deleted":"5", "process_failed_to_decrypt":"0", "process_pending_decryption":"0", "process_success":"14", "total":"14"}}
{"logTime": "0819/024022", "correlationVector":"UYgUR+trqPsy35z7K3oAIM.8","action":"GetUpdates Response", "result":"Success", "context":Received 250 update(s). cV=UYgUR+trqPsy35z7K3oAIM.0;server=akswtt10700000z;cloudType=Consumer;environment=Prod_southindia_prod-s01-004-apac-southindia;migrationStage=NotStarted Some updates remain.}
{"logTime": "0819/024022", "correlationVector":"QffmH5sL2QZpwGxjXIfLR5","action":"Initial GetUpdates", "result":"", "context":Reason: NEWLY_SUPPORTED_DATATYPE. cV=QffmH5sL2QZpwGxjXIfLR5}
{"logTime": "0819/024023", "correlationVector":"QffmH5sL2QZpwGxjXIfLR5.1","action":"SyncServerConnectionManagerRequest", "result":"SYNC_SERVER_OK", "context":{"environment":"Prod_southindia_prod-s01-004-apac-southindia", "migrationStage":"NotStarted", "server":"akswtt107000032"}}
{"logTime": "0819/024023", "correlationVector":"QffmH5sL2QZpwGxjXIfLR5.2","action":"ProcessGetUpdates", "result":"Done", "context":{"dataType":"Bookmarks", "deleted":"1", "process_failed_to_decrypt":"0", "process_pending_decryption":"0", "process_success":"4", "total":"4"}}
{"logTime": "0819/024023", "correlationVector":"QffmH5sL2QZpwGxjXIfLR5.3","action":"ProcessGetUpdates", "result":"Done", "context":{"dataType":"Preferences", "deleted":"0", "process_failed_to_decrypt":"0", "process_pending_decryption":"0", "process_success":"6", "total":"6"}}
{"logTime": "0819/024023", "correlationVector":"QffmH5sL2QZpwGxjXIfLR5.4","action":"ProcessGetUpdates", "result":"Done", "context":{"dataType":"Autofill Profiles", "deleted":"0", "process_failed_to_decrypt":"0", "process_pending_decryption":"0", "process_success":"1", "total":"1"}}
{"logTime": "0819/024023", "correlationVector":"QffmH5sL2QZpwGxjXIfLR5.5","action":"ProcessGetUpdates", "result":"Done", "context":{"dataType":"Autofill", "deleted":"0", "process_failed_to_decrypt":"0", "process_pending_decryption":"0", "process_success":"1", "total":"1"}}
{"logTime": "0819/024023", "correlationVector":"QffmH5sL2QZpwGxjXIfLR5.6","action":"ProcessGetUpdates", "result":"Done", "context":{"dataType":"Sessions", "deleted":"175", "process_failed_to_decrypt":"0", "process_pending_decryption":"0", "process_success":"179", "total":"179"}}
{"logTime": "0819/024023", "correlationVector":"QffmH5sL2QZpwGxjXIfLR5.7","action":"ProcessGetUpdates", "result":"Done", "context":{"dataType":"Edge Hub App Usage", "deleted":"10", "process_failed_to_decrypt":"0", "process_pending_decryption":"0", "process_success":"13", "total":"13"}}
{"logTime": "0819/024023", "correlationVector":"QffmH5sL2QZpwGxjXIfLR5.8","action":"ProcessGetUpdates", "result":"Done", "context":{"dataType":"Edge Workspace", "deleted":"3", "process_failed_to_decrypt":"0", "process_pending_decryption":"0", "process_success":"3", "total":"3"}}
{"logTime": "0819/024023", "correlationVector":"QffmH5sL2QZpwGxjXIfLR5.9","action":"GetUpdates Response", "result":"Success", "context":Received 207 update(s). cV=QffmH5sL2QZpwGxjXIfLR5.0;server=akswtt107000032;cloudType=Consumer;environment=Prod_southindia_prod-s01-004-apac-southindia;migrationStage=NotStarted}
{"logTime": "0819/024023", "correlationVector":"bbTwlm9ZfRPd+AhoJIzlOP","action":"Initial GetUpdates", "result":"", "context":Reason: NEWLY_SUPPORTED_DATATYPE. cV=bbTwlm9ZfRPd+AhoJIzlOP}
{"logTime": "0819/024024", "correlationVector":"bbTwlm9ZfRPd+AhoJIzlOP.1","action":"SyncServerConnectionManagerRequest", "result":"SYNC_SERVER_OK", "context":{"environment":"Prod_southindia_prod-s01-004-apac-southindia", "migrationStage":"NotStarted", "server":"akswtt10700001u"}}
{"logTime": "0819/024024", "correlationVector":"bbTwlm9ZfRPd+AhoJIzlOP.2","action":"ProcessGetUpdates", "result":"Done", "context":{"dataType":"History", "deleted":"0", "process_failed_to_decrypt":"0", "process_pending_decryption":"0", "process_success":"250", "total":"250"}}
{"logTime": "0819/024024", "correlationVector":"bbTwlm9ZfRPd+AhoJIzlOP.3","action":"GetUpdates Response", "result":"Success", "context":Received 250 update(s). cV=bbTwlm9ZfRPd+AhoJIzlOP.0;server=akswtt10700001u;cloudType=Consumer;environment=Prod_southindia_prod-s01-004-apac-southindia;migrationStage=NotStarted Some updates remain.}
{"logTime": "0819/024024", "correlationVector":"yncOaKllJiE63w+55GuL8J","action":"Initial GetUpdates", "result":"", "context":Reason: NEWLY_SUPPORTED_DATATYPE. cV=yncOaKllJiE63w+55GuL8J}
{"logTime": "0819/024024", "correlationVector":"yncOaKllJiE63w+55GuL8J.1","action":"SyncServerConnectionManagerRequest", "result":"SYNC_SERVER_OK", "context":{"environment":"Prod_southindia_prod-s01-004-apac-southindia", "migrationStage":"NotStarted", "server":"akswtt10700002z"}}
{"logTime": "0819/024024", "correlationVector":"yncOaKllJiE63w+55GuL8J.2","action":"ProcessGetUpdates", "result":"Done", "context":{"dataType":"History", "deleted":"0", "process_failed_to_decrypt":"0", "process_pending_decryption":"0", "process_success":"131", "total":"131"}}
{"logTime": "0819/024024", "correlationVector":"yncOaKllJiE63w+55GuL8J.3","action":"GetUpdates Response", "result":"Success", "context":Received 131 update(s). cV=yncOaKllJiE63w+55GuL8J.0;server=akswtt10700002z;cloudType=Consumer;environment=Prod_southindia_prod-s01-004-apac-southindia;migrationStage=NotStarted}
{"logTime": "0819/024024", "correlationVector":"8NoFJqvbhs1S0juXnw//U7","action":"Normal GetUpdate request", "result":"", "context":cV=8NoFJqvbhs1S0juXnw//U7
Nudged types: Bookmarks, Sessions, Device Info
Refresh requested types: Bookmarks, Preferences, Passwords, Autofill Profiles, Autofill, Extensions, Sessions, Extension settings, History Delete Directives, Device Info, User Consents, Send Tab To Self, Web Apps, History, Saved Tab Group, WebAuthn Credentials, Edge E Drop, Edge Hub App Usage, Edge Workspace, Encryption Keys}
{"logTime": "0819/024025", "correlationVector":"8NoFJqvbhs1S0juXnw//U7.1","action":"SyncServerConnectionManagerRequest", "result":"SYNC_SERVER_OK", "context":{"environment":"Prod_southindia_prod-s01-004-apac-southindia", "migrationStage":"NotStarted", "server":"akswtt10700000z"}}
{"logTime": "0819/024025", "correlationVector":"8NoFJqvbhs1S0juXnw//U7.2","action":"GetUpdates Response", "result":"Success", "context":Received 0 update(s). cV=8NoFJqvbhs1S0juXnw//U7.0;server=akswtt10700000z;cloudType=Consumer;environment=Prod_southindia_prod-s01-004-apac-southindia;migrationStage=NotStarted}
{"logTime": "0819/024025", "correlationVector":"iZJNx2kGQeRXoaoYgueVun","action":"Commit Request", "result":"", "context":Item count: 19
Contributing types: Bookmarks, Sessions, Device Info}
{"logTime": "0819/024028", "correlationVector":"iZJNx2kGQeRXoaoYgueVun.1","action":"SyncServerConnectionManagerRequest", "result":"SYNC_SERVER_OK", "context":{"environment":"Prod_southindia_prod-s01-004-apac-southindia", "migrationStage":"NotStarted", "server":"akswtt107000012"}}
{"logTime": "0819/024028", "correlationVector":"iZJNx2kGQeRXoaoYgueVun.2","action":"Commit Response", "result":"Success", "context":Result: Success. cV=iZJNx2kGQeRXoaoYgueVun.0;server=akswtt107000012;cloudType=Consumer;environment=Prod_southindia_prod-s01-004-apac-southindia;migrationStage=NotStarted}
{"logTime": "0819/024028", "correlationVector":"V2md5H1awY8G04qae/+LFC","action":"Commit Request", "result":"", "context":Item count: 1
Contributing types: Preferences}
{"logTime": "0819/024029", "correlationVector":"V2md5H1awY8G04qae/+LFC.1","action":"SyncServerConnectionManagerRequest", "result":"SYNC_SERVER_OK", "context":{"environment":"Prod_southindia_prod-s01-004-apac-southindia", "migrationStage":"NotStarted", "server":"akswtt10700000c"}}
{"logTime": "0819/024029", "correlationVector":"V2md5H1awY8G04qae/+LFC.2","action":"Commit Response", "result":"Success", "context":Result: Success. cV=V2md5H1awY8G04qae/+LFC.0;server=akswtt10700000c;cloudType=Consumer;environment=Prod_southindia_prod-s01-004-apac-southindia;migrationStage=NotStarted}
{"logTime": "0819/024117", "correlationVector":"Z/ltp3D8X5wNAXm0Ske22y","action":"Commit Request", "result":"", "context":Item count: 2
Contributing types: Sessions, History}
{"logTime": "0819/024118", "correlationVector":"Z/ltp3D8X5wNAXm0Ske22y.1","action":"SyncServerConnectionManagerRequest", "result":"SYNC_SERVER_OK", "context":{"environment":"Prod_southindia_prod-s01-004-apac-southindia", "migrationStage":"NotStarted", "server":"akswtt107000026"}}
{"logTime": "0819/024118", "correlationVector":"Z/ltp3D8X5wNAXm0Ske22y.2","action":"Commit Response", "result":"Success", "context":Result: Success. cV=Z/ltp3D8X5wNAXm0Ske22y.0;server=akswtt107000026;cloudType=Consumer;environment=Prod_southindia_prod-s01-004-apac-southindia;migrationStage=NotStarted}
{"logTime": "0819/024252", "correlationVector":"NAE45wVmSJKgOx6lKAkwh/","action":"Commit Request", "result":"", "context":Item count: 3
Contributing types: Sessions, History}
{"logTime": "0819/024253", "correlationVector":"NAE45wVmSJKgOx6lKAkwh/.1","action":"SyncServerConnectionManagerRequest", "result":"SYNC_SERVER_OK", "context":{"environment":"Prod_southindia_prod-s01-004-apac-southindia", "migrationStage":"NotStarted", "server":"akswtt107000012"}}
{"logTime": "0819/024253", "correlationVector":"NAE45wVmSJKgOx6lKAkwh/.2","action":"Commit Response", "result":"Success", "context":Result: Success. cV=NAE45wVmSJKgOx6lKAkwh/.0;server=akswtt107000012;cloudType=Consumer;environment=Prod_southindia_prod-s01-004-apac-southindia;migrationStage=NotStarted}
{"logTime": "0819/024643", "correlationVector":"bGULyRh9NNX98ip9FTH7cj","action":"Commit Request", "result":"", "context":Item count: 6
Contributing types: Sessions, History}
{"logTime": "0819/024645", "correlationVector":"bGULyRh9NNX98ip9FTH7cj.1","action":"SyncServerConnectionManagerRequest", "result":"SYNC_SERVER_OK", "context":{"environment":"Prod_southindia_prod-s01-004-apac-southindia", "migrationStage":"NotStarted", "server":"akswtt10700000o"}}
{"logTime": "0819/024645", "correlationVector":"bGULyRh9NNX98ip9FTH7cj.2","action":"Commit Response", "result":"Success", "context":Result: Success. cV=bGULyRh9NNX98ip9FTH7cj.0;server=akswtt10700000o;cloudType=Consumer;environment=Prod_southindia_prod-s01-004-apac-southindia;migrationStage=NotStarted}
{"logTime": "0819/024945", "correlationVector":"T97Dbhxai4L6wI34ycCUNC","action":"Normal GetUpdate request", "result":"", "context":cV=T97Dbhxai4L6wI34ycCUNC
Notified types: Preferences}
{"logTime": "0819/024946", "correlationVector":"T97Dbhxai4L6wI34ycCUNC.1","action":"SyncServerConnectionManagerRequest", "result":"SYNC_SERVER_OK", "context":{"environment":"Prod_southindia_prod-s01-004-apac-southindia", "migrationStage":"NotStarted", "server":"akswtt10700001n"}}
{"logTime": "0819/024946", "correlationVector":"T97Dbhxai4L6wI34ycCUNC.2","action":"ProcessGetUpdates", "result":"Done", "context":{"dataType":"Bookmarks", "deleted":"0", "process_failed_to_decrypt":"0", "process_pending_decryption":"0", "process_success":"16", "total":"16"}}
{"logTime": "0819/024946", "correlationVector":"T97Dbhxai4L6wI34ycCUNC.3","action":"ProcessGetUpdates", "result":"Done", "context":{"dataType":"Preferences", "deleted":"0", "process_failed_to_decrypt":"0", "process_pending_decryption":"0", "process_success":"2", "total":"2"}}
{"logTime": "0819/024946", "correlationVector":"T97Dbhxai4L6wI34ycCUNC.4","action":"ProcessGetUpdates", "result":"Done", "context":{"dataType":"Sessions", "deleted":"0", "process_failed_to_decrypt":"0", "process_pending_decryption":"0", "process_success":"2", "total":"2"}}
{"logTime": "0819/024946", "correlationVector":"T97Dbhxai4L6wI34ycCUNC.5","action":"ProcessGetUpdates", "result":"Done", "context":{"dataType":"Device Info", "deleted":"0", "process_failed_to_decrypt":"0", "process_pending_decryption":"0", "process_success":"1", "total":"1"}}
{"logTime": "0819/024946", "correlationVector":"T97Dbhxai4L6wI34ycCUNC.6","action":"ProcessGetUpdates", "result":"Done", "context":{"dataType":"History", "deleted":"0", "process_failed_to_decrypt":"0", "process_pending_decryption":"0", "process_success":"6", "total":"6"}}
{"logTime": "0819/024946", "correlationVector":"T97Dbhxai4L6wI34ycCUNC.7","action":"GetUpdates Response", "result":"Success", "context":Received 27 update(s). cV=T97Dbhxai4L6wI34ycCUNC.0;server=akswtt10700001n;cloudType=Consumer;environment=Prod_southindia_prod-s01-004-apac-southindia;migrationStage=NotStarted}
{"logTime": "0819/024946", "correlationVector":"76hriAtnYeV8TTrWkjBUO6","action":"DoCompareDataConsistency requsted types: ", "result":"Bookmarks, Preferences, Passwords, Extensions, Extension settings, History Delete Directives, Send Tab To Self, Web Apps, History, Saved Tab Group, WebAuthn Credentials, Edge E Drop, Edge Workspace, Encryption Keys"}
{"logTime": "0819/024946", "correlationVector":"76hriAtnYeV8TTrWkjBUO6.0","action":"CompareDataConsistency result: ", "result":"Compare result: Encryption Keys is consistent. local entities count is: 1 local entities hash is: j60cP6cBRNbCtlPui75xR1kLWAo="}
{"logTime": "0819/024946", "correlationVector":"76hriAtnYeV8TTrWkjBUO6.1","action":"CompareDataConsistency result: ", "result":"Compare result: Bookmarks is consistent. local entities count is: 77 local entities hash is: bFGI6vE+E86XlIbp01tOLBu0IwY="}
{"logTime": "0819/024946", "correlationVector":"76hriAtnYeV8TTrWkjBUO6.2","action":"CompareDataConsistency result: ", "result":"Compare result: Preferences is consistent. local entities count is: 65 local entities hash is: TeG9N+dSEJsY1Ivnt+j1JzrvXZM="}
{"logTime": "0819/024946", "correlationVector":"76hriAtnYeV8TTrWkjBUO6.3","action":"CompareDataConsistency result: ", "result":"Compare result: Extensions is consistent. local entities count is: 0 local entities hash is: "}
{"logTime": "0819/024946", "correlationVector":"76hriAtnYeV8TTrWkjBUO6.4","action":"CompareDataConsistency result: ", "result":"Compare result: Extension settings is consistent. local entities count is: 0 local entities hash is: "}
{"logTime": "0819/024946", "correlationVector":"76hriAtnYeV8TTrWkjBUO6.5","action":"CompareDataConsistency result: ", "result":"Compare result: History Delete Directives is consistent. local entities count is: 0 local entities hash is: "}
{"logTime": "0819/024946", "correlationVector":"76hriAtnYeV8TTrWkjBUO6.6","action":"CompareDataConsistency result: ", "result":"Server did not send this Send Tab To Self local entities count is: 0 local entities hash is: "}
{"logTime": "0819/024946", "correlationVector":"76hriAtnYeV8TTrWkjBUO6.7","action":"CompareDataConsistency result: ", "result":"Compare result: Web Apps is consistent. local entities count is: 0 local entities hash is: "}
{"logTime": "0819/024946", "correlationVector":"76hriAtnYeV8TTrWkjBUO6.8","action":"CompareDataConsistency result: ", "result":"Server did not send this History local entities count is: 0 local entities hash is: "}
{"logTime": "0819/024946", "correlationVector":"76hriAtnYeV8TTrWkjBUO6.9","action":"CompareDataConsistency result: ", "result":"Compare result: Saved Tab Group is consistent. local entities count is: 0 local entities hash is: "}
{"logTime": "0819/024946", "correlationVector":"76hriAtnYeV8TTrWkjBUO6.10","action":"CompareDataConsistency result: ", "result":"Server did not send this WebAuthn Credentials local entities count is: 0 local entities hash is: "}
{"logTime": "0819/024946", "correlationVector":"76hriAtnYeV8TTrWkjBUO6.11","action":"CompareDataConsistency result: ", "result":"Compare result: Edge E Drop is consistent. local entities count is: 0 local entities hash is: "}
{"logTime": "0819/024946", "correlationVector":"76hriAtnYeV8TTrWkjBUO6.12","action":"CompareDataConsistency result: ", "result":"Server did not send this Edge Workspace local entities count is: 0 local entities hash is: "}
{"logTime": "0819/024946", "correlationVector":"76hriAtnYeV8TTrWkjBUO6.13","action":"CompareDataConsistency result: ", "result":"Compare result: Passwords is consistent. local entities count is: 27 local entities hash is: uHF5AS2d4rjotnQEA3/TxBGxKMk="}
{"logTime": "0819/024946", "correlationVector":"","action":"DIAGNOSTIC_REQUEST|v1/diagnosticData/Diagnostic.SendCheckResult()|SUCCESS", "result":""}
