2026-08-18 11:48:45.281: [INFO] CurrentProfilePath: C:\Users\OMPRASAD\AppData\Local\Temp\flutter_tools.780d0370\flutter_tools_chrome_device.bf1f74b7\Default
2026-08-18 11:48:45.281: [INFO] Profiles total count: 1
2026-08-18 11:48:45.281: [INFO] Profile: name=Your Chrome path=C:\Users\OMPRASAD\AppData\Local\Temp\flutter_tools.780d0370\flutter_tools_chrome_device.bf1f74b7\Default lastActive=null
2026-08-18 11:48:45.281: [INFO] LastUsedProfileDir: C:\Users\OMPRASAD\AppData\Local\Temp\flutter_tools.780d0370\flutter_tools_chrome_device.bf1f74b7\Default
2026-08-18 11:48:45.281: [INFO] VisibilityChanged: 0
2026-08-18 11:48:45.330: [INFO] RecordSyncInitDuration has_sync_been_enabled: 0 state: 0
2026-08-18 11:48:45.331: [INFO] RecordSyncInitDuration has_sync_been_enabled: 0 state: 0
2026-08-18 11:48:45.331: [INFO] RecordSyncInitDuration has_sync_been_enabled: 0 state: 0
2026-08-18 11:48:45.332: [INFO] RecordSyncInitDuration has_sync_been_enabled: 0 state: 0
2026-08-18 11:48:45.333: [INFO] RecordSyncInitDuration has_sync_been_enabled: 0 state: 0
2026-08-18 11:48:45.334: [INFO] RecordSyncInitDuration has_sync_been_enabled: 0 state: 0
2026-08-18 11:48:45.335: [INFO] RecordSyncInitDuration has_sync_been_enabled: 0 state: 0
2026-08-18 11:48:45.336: [INFO] RecordSyncInitDuration has_sync_been_enabled: 0 state: 0
2026-08-18 11:48:45.337: [INFO] RecordSyncInitDuration has_sync_been_enabled: 0 state: 0
2026-08-18 11:48:45.338: [INFO] RecordSyncInitDuration has_sync_been_enabled: 0 state: 0
2026-08-18 11:48:45.370: [INFO] BookmarkNodeAdded, ABU: 0
2026-08-18 11:48:45.370: [INFO] BookmarkNodeAdded, ABU: 0
2026-08-18 11:48:45.370: [INFO] BookmarkNodeAdded, ABU: 0
2026-08-18 11:48:45.370: [INFO] BookmarkNodeAdded, ABU: 0
2026-08-18 11:48:45.370: [INFO] OnDoneLoading sync enabled: 0
2026-08-18 11:48:45.370: [INFO] BookmarkModelLoaded, ids_reassigned: 0
2026-08-18 11:48:45.370: [INFO] BookmarksLoadDropped droppedNodes=0
2026-08-18 11:48:45.370: [INFO] BookmarksSnapshot Startup total=4 bar=4 other=0 mobile=0 showBar=0 showBarNTP=1
2026-08-18 11:48:45.373: [INFO] RecordSyncInitDuration has_sync_been_enabled: 0 state: 0
2026-08-18 11:48:48.887: [INFO] RecordSyncInitDuration has_sync_been_enabled: 0 state: 0
2026-08-18 11:48:48.912: [INFO] RecordSyncInitDuration has_sync_been_enabled: 0 state: 3
2026-08-18 11:48:48.931: [INFO] Primary account changed.
2026-08-18 11:48:48.931: [INFO] OnPrimaryAccountChanged PrimaryAccountChangeEvent::Type::kSet
2026-08-18 11:48:48.937: [INFO] RecordSyncInitDuration has_sync_been_enabled: 0 state: 3
2026-08-18 11:48:48.972: [INFO] RecordSyncInitDuration has_sync_been_enabled: 0 state: 3
2026-08-18 11:48:53.902: [INFO] BookmarkNodeAdded, ABU: 0
2026-08-18 11:48:53.903: [INFO] BookmarkNodeAdded, ABU: 0
2026-08-18 11:48:53.903: [INFO] BookmarkNodeAdded, ABU: 0
2026-08-18 11:48:53.903: [INFO] BookmarkNodeAdded, ABU: 0
2026-08-18 11:48:53.903: [INFO] BookmarkNodeAdded, ABU: 0
2026-08-18 11:48:53.904: [INFO] BookmarkNodeAdded, ABU: 0
2026-08-18 11:48:53.906: [INFO] BookmarkNodeAdded, ABU: 0
2026-08-18 11:48:53.906: [INFO] BookmarkNodeAdded, ABU: 0
2026-08-18 11:48:53.906: [INFO] BookmarkNodeAdded, ABU: 0
2026-08-18 11:48:53.906: [INFO] BookmarkNodeAdded, ABU: 0
2026-08-18 11:48:53.907: [INFO] BookmarkNodeAdded, ABU: 0
2026-08-18 11:48:53.907: [INFO] BookmarkNodeAdded, ABU: 0
2026-08-18 11:48:53.907: [INFO] BookmarkNodeAdded, ABU: 0
2026-08-18 11:48:53.907: [INFO] BookmarkNodeAdded, ABU: 0
2026-08-18 11:48:53.907: [INFO] BookmarkNodeAdded, ABU: 0
2026-08-18 11:48:53.907: [INFO] BookmarkNodeAdded, ABU: 0
2026-08-18 11:48:53.907: [INFO] BookmarkNodeAdded, ABU: 0
2026-08-18 11:48:53.907: [INFO] BookmarkNodeAdded, ABU: 0
2026-08-18 11:48:53.907: [INFO] BookmarkNodeAdded, ABU: 0
2026-08-18 11:48:53.908: [INFO] BookmarkNodeAdded, ABU: 0
2026-08-18 11:48:53.908: [INFO] BookmarkNodeAdded, ABU: 0
2026-08-18 11:48:53.908: [INFO] BookmarkNodeAdded, ABU: 0
2026-08-18 11:48:53.908: [INFO] BookmarkNodeAdded, ABU: 0
2026-08-18 11:48:53.908: [INFO] BookmarkNodeAdded, ABU: 0
2026-08-18 11:48:53.908: [INFO] BookmarkNodeAdded, ABU: 0
2026-08-18 11:48:53.908: [INFO] BookmarkNodeAdded, ABU: 0
2026-08-18 11:48:53.909: [INFO] BookmarkNodeAdded, ABU: 0
2026-08-18 11:48:53.909: [INFO] BookmarkNodeAdded, ABU: 0
2026-08-18 11:48:53.909: [INFO] BookmarkNodeAdded, ABU: 0
2026-08-18 11:48:53.909: [INFO] BookmarkNodeAdded, ABU: 0
2026-08-18 11:48:53.909: [INFO] BookmarkNodeAdded, ABU: 0
2026-08-18 11:48:53.910: [INFO] BookmarkNodeAdded, ABU: 0
2026-08-18 11:48:53.910: [INFO] BookmarkNodeAdded, ABU: 0
2026-08-18 11:48:53.910: [INFO] BookmarkNodeAdded, ABU: 0
2026-08-18 11:48:53.910: [INFO] BookmarkNodeAdded, ABU: 0
2026-08-18 11:48:53.910: [INFO] BookmarkNodeAdded, ABU: 0
2026-08-18 11:48:53.910: [INFO] BookmarkNodeAdded, ABU: 0
2026-08-18 11:48:53.911: [INFO] BookmarkNodeAdded, ABU: 0
2026-08-18 11:48:53.911: [INFO] BookmarkNodeAdded, ABU: 0
2026-08-18 11:48:53.911: [INFO] BookmarkNodeAdded, ABU: 0
2026-08-18 11:48:53.911: [INFO] BookmarkNodeAdded, ABU: 0
2026-08-18 11:48:53.912: [INFO] BookmarkNodeAdded, ABU: 0
2026-08-18 11:48:53.912: [INFO] BookmarkNodeAdded, ABU: 0
2026-08-18 11:48:53.913: [INFO] BookmarkNodeAdded, ABU: 0
2026-08-18 11:48:53.913: [INFO] BookmarkNodeAdded, ABU: 0
2026-08-18 11:48:53.913: [INFO] BookmarkNodeAdded, ABU: 0
2026-08-18 11:48:53.913: [INFO] BookmarkNodeAdded, ABU: 0
2026-08-18 11:48:53.913: [INFO] BookmarkNodeAdded, ABU: 0
2026-08-18 11:48:53.913: [INFO] BookmarkNodeAdded, ABU: 0
2026-08-18 11:48:53.913: [INFO] BookmarkNodeAdded, ABU: 0
2026-08-18 11:48:53.914: [INFO] BookmarkNodeAdded, ABU: 0
2026-08-18 11:48:53.914: [INFO] BookmarkNodeAdded, ABU: 0
2026-08-18 11:48:53.914: [INFO] BookmarkNodeAdded, ABU: 0
2026-08-18 11:48:53.914: [INFO] BookmarkNodeAdded, ABU: 0
2026-08-18 11:48:53.914: [INFO] BookmarkNodeAdded, ABU: 0
2026-08-18 11:48:53.914: [INFO] BookmarkNodeAdded, ABU: 0
2026-08-18 11:48:53.914: [INFO] BookmarkNodeAdded, ABU: 0
2026-08-18 11:48:53.914: [INFO] BookmarkNodeAdded, ABU: 0
2026-08-18 11:48:53.914: [INFO] BookmarkNodeAdded, ABU: 0
2026-08-18 11:48:53.915: [INFO] BookmarkNodeAdded, ABU: 0
2026-08-18 11:48:53.915: [INFO] BookmarkNodeAdded, ABU: 0
2026-08-18 11:48:53.951: [INFO] BookmarkBarPrefChanged showBar=0 showBarNTP=1
2026-08-18 11:48:55.436: [INFO] Sync initialization duration: 6242ms
2026-08-18 12:13:47.353: [INFO] BookmarksSnapshot Shutdown total=62 bar=62 other=0 mobile=0 showBar=0 showBarNTP=1
2026-08-18 12:15:19.425: [INFO] CurrentProfilePath: C:\Users\OMPRASAD\AppData\Local\Temp\flutter_tools.137fbdb1\flutter_tools_chrome_device.9fcfeca7\Default
2026-08-18 12:15:19.425: [INFO] Profiles total count: 1
2026-08-18 12:15:19.425: [INFO] Profile: name=Your Chrome path=C:\Users\OMPRASAD\AppData\Local\Temp\flutter_tools.137fbdb1\flutter_tools_chrome_device.9fcfeca7\Default lastActive=null
2026-08-18 12:15:19.425: [INFO] LastUsedProfileDir: C:\Users\OMPRASAD\AppData\Local\Temp\flutter_tools.137fbdb1\flutter_tools_chrome_device.9fcfeca7\Default
2026-08-18 12:15:19.425: [INFO] VisibilityChanged: 0
2026-08-18 12:15:19.504: [INFO] BookmarkNodeAdded, ABU: 0
2026-08-18 12:15:19.504: [INFO] BookmarkNodeAdded, ABU: 0
2026-08-18 12:15:19.505: [INFO] BookmarkNodeAdded, ABU: 0
2026-08-18 12:15:19.505: [INFO] BookmarkNodeAdded, ABU: 0
2026-08-18 12:15:19.505: [INFO] OnDoneLoading sync enabled: 1
2026-08-18 12:15:19.505: [INFO] BookmarkModelLoaded, ids_reassigned: 0
2026-08-18 12:15:19.505: [INFO] BookmarksLoadDropped droppedNodes=0
2026-08-18 12:15:19.505: [INFO] BookmarksSnapshot Startup total=66 bar=66 other=0 mobile=0 showBar=0 showBarNTP=1
2026-08-18 12:15:31.382: [INFO] Sync initialization duration: 1977ms
2026-08-18 12:18:19.075: [INFO] BookmarksSnapshot Shutdown total=66 bar=66 other=0 mobile=0 showBar=0 showBarNTP=1
2026-08-19 00:07:03.162: [INFO] CurrentProfilePath: C:\Users\OMPRASAD\AppData\Local\Temp\flutter_tools.4f6d9002\flutter_tools_chrome_device.c9ea7227\Default
2026-08-19 00:07:03.162: [INFO] Profiles total count: 1
2026-08-19 00:07:03.162: [INFO] Profile: name=Your Chrome path=C:\Users\OMPRASAD\AppData\Local\Temp\flutter_tools.4f6d9002\flutter_tools_chrome_device.c9ea7227\Default lastActive=null
2026-08-19 00:07:03.162: [INFO] LastUsedProfileDir: C:\Users\OMPRASAD\AppData\Local\Temp\flutter_tools.4f6d9002\flutter_tools_chrome_device.c9ea7227\Default
2026-08-19 00:07:03.162: [INFO] VisibilityChanged: 0
2026-08-19 00:07:03.230: [INFO] BookmarkNodeAdded, ABU: 0
2026-08-19 00:07:03.230: [INFO] BookmarkNodeAdded, ABU: 0
2026-08-19 00:07:03.230: [INFO] BookmarkNodeAdded, ABU: 0
2026-08-19 00:07:03.230: [INFO] BookmarkNodeAdded, ABU: 0
2026-08-19 00:07:03.230: [INFO] OnDoneLoading sync enabled: 0
2026-08-19 00:07:03.230: [INFO] BookmarkModelLoaded, ids_reassigned: 0
2026-08-19 00:07:03.230: [INFO] BookmarksLoadDropped droppedNodes=0
2026-08-19 00:07:03.230: [INFO] BookmarksSnapshot Startup total=70 bar=70 other=0 mobile=0 showBar=0 showBarNTP=1
2026-08-19 00:07:04.933: [INFO] Primary account changed.
2026-08-19 00:07:04.933: [INFO] OnPrimaryAccountChanged PrimaryAccountChangeEvent::Type::kSet
2026-08-19 00:07:09.729: [INFO] BookmarkNodeMoved
2026-08-19 00:07:09.729: [INFO] BookmarkNodeMoved
2026-08-19 00:07:09.729: [INFO] BookmarkNodeMoved
2026-08-19 00:07:09.729: [INFO] BookmarkNodeMoved
2026-08-19 00:07:09.729: [INFO] BookmarkNodeMoved
2026-08-19 00:07:09.729: [INFO] BookmarkNodeMoved
2026-08-19 00:07:09.729: [INFO] BookmarkNodeMoved
2026-08-19 00:07:09.729: [INFO] BookmarkNodeMoved
2026-08-19 00:07:09.729: [INFO] BookmarkNodeMoved
2026-08-19 00:07:09.729: [INFO] BookmarkNodeMoved
2026-08-19 00:07:09.729: [INFO] BookmarkNodeMoved
2026-08-19 00:07:09.729: [INFO] BookmarkNodeMoved
2026-08-19 00:07:09.729: [INFO] BookmarkNodeMoved
2026-08-19 00:07:09.730: [INFO] BookmarkNodeMoved
2026-08-19 00:07:09.730: [INFO] BookmarkNodeMoved
2026-08-19 00:07:09.730: [INFO] BookmarkNodeMoved
2026-08-19 00:07:09.730: [INFO] BookmarkNodeMoved
2026-08-19 00:07:09.730: [INFO] BookmarkNodeMoved
2026-08-19 00:07:09.730: [INFO] BookmarkNodeMoved
2026-08-19 00:07:09.730: [INFO] BookmarkNodeMoved
2026-08-19 00:07:09.730: [INFO] BookmarkNodeMoved
2026-08-19 00:07:09.730: [INFO] BookmarkNodeMoved
2026-08-19 00:07:09.730: [INFO] BookmarkNodeMoved
2026-08-19 00:07:09.730: [INFO] BookmarkNodeMoved
2026-08-19 00:07:09.730: [INFO] BookmarkNodeMoved
2026-08-19 00:07:09.730: [INFO] BookmarkNodeMoved
2026-08-19 00:07:09.730: [INFO] BookmarkNodeMoved
2026-08-19 00:07:09.730: [INFO] BookmarkNodeMoved
2026-08-19 00:07:09.730: [INFO] BookmarkNodeMoved
2026-08-19 00:07:09.730: [INFO] BookmarkNodeMoved
2026-08-19 00:07:09.730: [INFO] BookmarkNodeMoved
2026-08-19 00:07:09.730: [INFO] BookmarkNodeMoved
2026-08-19 00:07:09.730: [INFO] BookmarkNodeMoved
2026-08-19 00:07:09.730: [INFO] BookmarkNodeMoved
2026-08-19 00:07:09.730: [INFO] BookmarkNodeMoved
2026-08-19 00:07:09.731: [INFO] BookmarkNodeMoved
2026-08-19 00:07:09.731: [INFO] BookmarkNodeMoved
2026-08-19 00:07:09.731: [INFO] BookmarkNodeMoved
2026-08-19 00:07:09.731: [INFO] BookmarkNodeMoved
2026-08-19 00:07:09.731: [INFO] BookmarkNodeMoved
2026-08-19 00:07:09.731: [INFO] BookmarkNodeMoved
2026-08-19 00:07:09.731: [INFO] BookmarkNodeMoved
2026-08-19 00:07:09.731: [INFO] BookmarkNodeMoved
2026-08-19 00:07:09.731: [INFO] BookmarkNodeMoved
2026-08-19 00:07:09.731: [INFO] BookmarkNodeMoved
2026-08-19 00:07:09.731: [INFO] BookmarkNodeMoved
2026-08-19 00:07:09.731: [INFO] BookmarkNodeMoved
2026-08-19 00:07:09.731: [INFO] BookmarkNodeMoved
2026-08-19 00:07:09.731: [INFO] BookmarkNodeMoved
2026-08-19 00:07:09.731: [INFO] BookmarkNodeMoved
2026-08-19 00:07:09.731: [INFO] BookmarkNodeMoved
2026-08-19 00:07:09.731: [INFO] BookmarkNodeMoved
2026-08-19 00:07:09.731: [INFO] BookmarkNodeMoved
2026-08-19 00:07:09.731: [INFO] BookmarkNodeMoved
2026-08-19 00:07:09.731: [INFO] BookmarkNodeMoved
2026-08-19 00:07:09.731: [INFO] BookmarkNodeMoved
2026-08-19 00:07:09.731: [INFO] BookmarkNodeMoved
2026-08-19 00:07:09.731: [INFO] BookmarkNodeMoved
2026-08-19 00:07:10.835: [INFO] Sync initialization duration: 7601ms
2026-08-19 00:10:20.107: [INFO] BookmarksSnapshot Shutdown total=70 bar=70 other=0 mobile=0 showBar=0 showBarNTP=1
2026-08-19 00:53:21.227: [INFO] CurrentProfilePath: C:\Users\OMPRASAD\AppData\Local\Temp\flutter_tools.245dc506\flutter_tools_chrome_device.5b8cebfd\Default
2026-08-19 00:53:21.227: [INFO] Profiles total count: 1
2026-08-19 00:53:21.227: [INFO] Profile: name=Your Chrome path=C:\Users\OMPRASAD\AppData\Local\Temp\flutter_tools.245dc506\flutter_tools_chrome_device.5b8cebfd\Default lastActive=null
2026-08-19 00:53:21.227: [INFO] LastUsedProfileDir: C:\Users\OMPRASAD\AppData\Local\Temp\flutter_tools.245dc506\flutter_tools_chrome_device.5b8cebfd\Default
2026-08-19 00:53:21.227: [INFO] VisibilityChanged: 0
2026-08-19 00:53:21.285: [INFO] BookmarkNodeAdded, ABU: 0
2026-08-19 00:53:21.285: [INFO] BookmarkNodeAdded, ABU: 0
2026-08-19 00:53:21.286: [INFO] BookmarkNodeAdded, ABU: 0
2026-08-19 00:53:21.286: [INFO] BookmarkNodeAdded, ABU: 0
2026-08-19 00:53:21.286: [INFO] OnDoneLoading sync enabled: 1
2026-08-19 00:53:21.286: [INFO] BookmarkModelLoaded, ids_reassigned: 0
2026-08-19 00:53:21.286: [INFO] BookmarksLoadDropped droppedNodes=0
2026-08-19 00:53:21.286: [INFO] BookmarksSnapshot Startup total=74 bar=74 other=0 mobile=0 showBar=0 showBarNTP=1
2026-08-19 00:53:32.846: [INFO] Sync initialization duration: 1634ms
2026-08-19 00:54:50.951: [INFO] BookmarksSnapshot Shutdown total=74 bar=74 other=0 mobile=0 showBar=0 showBarNTP=1
2026-08-19 02:40:15.600: [INFO] CurrentProfilePath: C:\Users\OMPRASAD\AppData\Local\Temp\flutter_tools.4ffb04a3\flutter_tools_chrome_device.3b979ff\Default
2026-08-19 02:40:15.600: [INFO] Profiles total count: 1
2026-08-19 02:40:15.600: [INFO] Profile: name=Your Chrome path=C:\Users\OMPRASAD\AppData\Local\Temp\flutter_tools.4ffb04a3\flutter_tools_chrome_device.3b979ff\Default lastActive=null
2026-08-19 02:40:15.600: [INFO] LastUsedProfileDir: C:\Users\OMPRASAD\AppData\Local\Temp\flutter_tools.4ffb04a3\flutter_tools_chrome_device.3b979ff\Default
2026-08-19 02:40:15.600: [INFO] VisibilityChanged: 0
2026-08-19 02:40:15.666: [INFO] BookmarkNodeAdded, ABU: 0
2026-08-19 02:40:15.666: [INFO] BookmarkNodeAdded, ABU: 0
2026-08-19 02:40:15.666: [INFO] BookmarkNodeAdded, ABU: 0
2026-08-19 02:40:15.666: [INFO] BookmarkNodeAdded, ABU: 0
2026-08-19 02:40:15.667: [INFO] OnDoneLoading sync enabled: 0
2026-08-19 02:40:15.667: [INFO] BookmarkModelLoaded, ids_reassigned: 0
2026-08-19 02:40:15.667: [INFO] BookmarksLoadDropped droppedNodes=0
2026-08-19 02:40:15.667: [INFO] BookmarksSnapshot Startup total=78 bar=78 other=0 mobile=0 showBar=0 showBarNTP=1
2026-08-19 02:40:18.369: [INFO] Primary account changed.
2026-08-19 02:40:18.369: [INFO] OnPrimaryAccountChanged PrimaryAccountChangeEvent::Type::kSet
2026-08-19 02:40:23.206: [INFO] BookmarkNodeMoved
2026-08-19 02:40:23.206: [INFO] BookmarkNodeMoved
2026-08-19 02:40:23.206: [INFO] BookmarkNodeMoved
2026-08-19 02:40:23.206: [INFO] BookmarkNodeMoved
2026-08-19 02:40:23.206: [INFO] BookmarkNodeMoved
2026-08-19 02:40:23.206: [INFO] BookmarkNodeMoved
2026-08-19 02:40:23.206: [INFO] BookmarkNodeMoved
2026-08-19 02:40:23.206: [INFO] BookmarkNodeMoved
2026-08-19 02:40:23.206: [INFO] BookmarkNodeMoved
2026-08-19 02:40:23.206: [INFO] BookmarkNodeMoved
2026-08-19 02:40:23.206: [INFO] BookmarkNodeMoved
2026-08-19 02:40:23.206: [INFO] BookmarkNodeMoved
2026-08-19 02:40:23.206: [INFO] BookmarkNodeMoved
2026-08-19 02:40:23.207: [INFO] BookmarkNodeMoved
2026-08-19 02:40:23.207: [INFO] BookmarkNodeMoved
2026-08-19 02:40:23.207: [INFO] BookmarkNodeMoved
2026-08-19 02:40:23.207: [INFO] BookmarkNodeMoved
2026-08-19 02:40:23.207: [INFO] BookmarkNodeMoved
2026-08-19 02:40:23.207: [INFO] BookmarkNodeMoved
2026-08-19 02:40:23.207: [INFO] BookmarkNodeMoved
2026-08-19 02:40:23.207: [INFO] BookmarkNodeMoved
2026-08-19 02:40:23.207: [INFO] BookmarkNodeMoved
2026-08-19 02:40:23.207: [INFO] BookmarkNodeMoved
2026-08-19 02:40:23.207: [INFO] BookmarkNodeMoved
2026-08-19 02:40:23.207: [INFO] BookmarkNodeMoved
2026-08-19 02:40:23.207: [INFO] BookmarkNodeMoved
2026-08-19 02:40:23.207: [INFO] BookmarkNodeMoved
2026-08-19 02:40:23.207: [INFO] BookmarkNodeMoved
2026-08-19 02:40:23.207: [INFO] BookmarkNodeMoved
2026-08-19 02:40:23.207: [INFO] BookmarkNodeMoved
2026-08-19 02:40:23.207: [INFO] BookmarkNodeMoved
2026-08-19 02:40:23.208: [INFO] BookmarkNodeMoved
2026-08-19 02:40:23.208: [INFO] BookmarkNodeMoved
2026-08-19 02:40:23.208: [INFO] BookmarkNodeMoved
2026-08-19 02:40:23.208: [INFO] BookmarkNodeMoved
2026-08-19 02:40:23.208: [INFO] BookmarkNodeMoved
2026-08-19 02:40:23.208: [INFO] BookmarkNodeMoved
2026-08-19 02:40:23.208: [INFO] BookmarkNodeMoved
2026-08-19 02:40:23.208: [INFO] BookmarkNodeMoved
2026-08-19 02:40:23.208: [INFO] BookmarkNodeMoved
2026-08-19 02:40:23.208: [INFO] BookmarkNodeMoved
2026-08-19 02:40:23.208: [INFO] BookmarkNodeMoved
2026-08-19 02:40:23.208: [INFO] BookmarkNodeMoved
2026-08-19 02:40:23.208: [INFO] BookmarkNodeMoved
2026-08-19 02:40:23.208: [INFO] BookmarkNodeMoved
2026-08-19 02:40:23.208: [INFO] BookmarkNodeMoved
2026-08-19 02:40:23.208: [INFO] BookmarkNodeMoved
2026-08-19 02:40:23.208: [INFO] BookmarkNodeMoved
2026-08-19 02:40:23.208: [INFO] BookmarkNodeMoved
2026-08-19 02:40:23.208: [INFO] BookmarkNodeMoved
2026-08-19 02:40:23.208: [INFO] BookmarkNodeMoved
2026-08-19 02:40:23.208: [INFO] BookmarkNodeMoved
2026-08-19 02:40:23.209: [INFO] BookmarkNodeMoved
2026-08-19 02:40:23.209: [INFO] BookmarkNodeMoved
2026-08-19 02:40:23.209: [INFO] BookmarkNodeMoved
2026-08-19 02:40:23.209: [INFO] BookmarkNodeMoved
2026-08-19 02:40:23.209: [INFO] BookmarkNodeMoved
2026-08-19 02:40:23.209: [INFO] BookmarkNodeMoved
2026-08-19 02:40:23.210: [INFO] BookmarkNodeAdded, ABU: 0
2026-08-19 02:40:23.210: [INFO] BookmarkNodeAdded, ABU: 0
2026-08-19 02:40:23.210: [INFO] BookmarkNodeAdded, ABU: 0
2026-08-19 02:40:24.769: [INFO] Sync initialization duration: 9101ms
2026-08-19 02:50:03.485: [INFO] BookmarksSnapshot Shutdown total=78 bar=78 other=0 mobile=0 showBar=0 showBarNTP=1
